warning: field `candidates_seen` is never read
   --> src/resolution.rs:857:5
    |
854 | struct CandidateFrontier {
    |        ----------------- field in this struct
...
857 |     candidates_seen: usize,
    |     ^^^^^^^^^^^^^^^
    |
    = note: `CandidateFrontier` has derived impls for the traits `Debug` and `Clone`, but these are intentionally ignored during dead code analysis
    = note: `#[warn(dead_code)]` (part of `#[warn(unused)]`) on by default

warning: field `at_round` is never read
   --> src/resolution.rs:879:16
    |
879 |     Resolved { at_round: usize },
    |     --------   ^^^^^^^^
    |     |
    |     field in this variant
    |
    = note: `BubbleState` has derived impls for the traits `Debug` and `Clone`, but these are intentionally ignored during dead code analysis

warning: field `at_round` is never read
   --> src/resolution.rs:880:14
    |
880 |     Failed { at_round: usize },
    |     ------   ^^^^^^^^
    |     |
    |     field in this variant
    |
    = note: `BubbleState` has derived impls for the traits `Debug` and `Clone`, but these are intentionally ignored during dead code analysis

warning: function `generate_multi_level_candidates` is never used
    --> src/resolution.rs:3397:4
     |
3397 | fn generate_multi_level_candidates(
     |    ^^^^^^^^^^^^^^^^^^^^^^^^^^^^^^^

warning: function `find_candidate_frontier` is never used
    --> src/resolution.rs:7171:4
     |
7171 | fn find_candidate_frontier(
     |    ^^^^^^^^^^^^^^^^^^^^^^^

warning: function `split_path_coordinate_suffix` is never used
     --> src/resolution.rs:10712:4
      |
10712 | fn split_path_coordinate_suffix(name: &str) -> Option<(&str, usize, usize)> {
      |    ^^^^^^^^^^^^^^^^^^^^^^^^^^^^

warning: `impg` (lib) generated 6 warnings
   Compiling impg v0.5.0 (/home/erikg/impg-genome-inference)
warning: variable does not need to be mutable
    --> examples/panel_route_diploid_search/genome.rs:1427:13
     |
1427 |         let mut mode;
     |             ----^^^^
     |             |
     |             help: remove this `mut`
     |
     = note: `#[warn(unused_mut)]` (part of `#[warn(unused)]`) on by default

warning: variable `evaluated_state_classes` is assigned to, but never used
    --> examples/panel_route_diploid_search/genome.rs:4556:13
     |
4556 |         let mut evaluated_state_classes = 0usize;
     |             ^^^^^^^^^^^^^^^^^^^^^^^^^^^
     |
     = note: consider using `_evaluated_state_classes` instead
     = note: `#[warn(unused_variables)]` (part of `#[warn(unused)]`) on by default

warning: value assigned to `evaluated_state_classes` is never read
    --> examples/panel_route_diploid_search/genome.rs:4712:17
     |
4712 |                 evaluated_state_classes += 1;
     |                 ^^^^^^^^^^^^^^^^^^^^^^^^^^^^
     |
     = help: maybe it is overwritten before being read?
     = note: `#[warn(unused_assignments)]` (part of `#[warn(unused)]`) on by default

warning: variable does not need to be mutable
    --> examples/panel_route_diploid_search/genome.rs:5392:5
     |
5392 |     mut load_profiles: F,
     |     ----^^^^^^^^^^^^^
     |     |
     |     help: remove this `mut`

warning: variable does not need to be mutable
   --> examples/panel_route_genome_smoke.rs:516:9
    |
516 |     let mut ranges = if options.all_paths {
    |         ----^^^^^^
    |         |
    |         help: remove this `mut`

warning: variable does not need to be mutable
   --> examples/panel_route_genome_smoke.rs:528:10
    |
528 |     let (mut axis_intervals, mut ranges, slice_offset) = match options.locus_range.as_deref() {
    |          ----^^^^^^^^^^^^^^
    |          |
    |          help: remove this `mut`

warning: variable does not need to be mutable
    --> examples/panel_route_genome_smoke.rs:1136:9
     |
1136 |     let mut probe_boundary_endpoints_seconds = boundary_endpoints_started.elapsed().as_secs_f64();
     |         ----^^^^^^^^^^^^^^^^^^^^^^^^^^^^^^^^
     |         |
     |         help: remove this `mut`

warning: value assigned to `best_loss` is never read
    --> examples/panel_route_genome_smoke.rs:1719:17
     |
1719 |                 best_loss = seed.loss.expect("checked");
     |                 ^^^^^^^^^^^^^^^^^^^^^^^^^^^^^^^^^^^^^^^
     |
     = help: maybe it is overwritten before being read?

warning: constant `JOINT_PROJECTION_WINDOW` is never used
  --> examples/panel_route_diploid_search/mod.rs:33:7
   |
33 | const JOINT_PROJECTION_WINDOW: u64 = 16;
   |       ^^^^^^^^^^^^^^^^^^^^^^^
   |
   = note: `#[warn(dead_code)]` (part of `#[warn(unused)]`) on by default

warning: function `line` is never used
  --> examples/panel_route_diploid_search/mod.rs:41:4
   |
41 | fn line(f: &mut File, v: &impl Serialize) -> io::Result<()> {
   |    ^^^^

warning: methods `validate` and `meter_options` are never used
   --> examples/panel_route_diploid_search/mod.rs:87:12
    |
 86 | impl Options {
    | ------------ methods in this implementation
 87 |     pub fn validate(&self) -> io::Result<()> {
    |            ^^^^^^^^
...
112 |     fn meter_options(&self) -> haploid::Options {
    |        ^^^^^^^^^^^^^

warning: method `has_intents` is never used
   --> examples/panel_route_diploid_search/mod.rs:153:8
    |
152 | impl Emission {
    | ------------- method in this implementation
153 |     fn has_intents(&self) -> bool {
    |        ^^^^^^^^^^^

warning: variants `Emission` and `Native` are never constructed
   --> examples/panel_route_diploid_search/mod.rs:166:5
    |
164 | enum Work {
    |      ---- variants in this enum
165 |     Geometry(PairedTask),
166 |     Emission(Emission),
    |     ^^^^^^^^
167 |     Native(NativeHead),
    |     ^^^^^^
    |
    = note: `Work` has a derived impl for the trait `Clone`, but this is intentionally ignored during dead code analysis

warning: method `class` is never used
   --> examples/panel_route_diploid_search/mod.rs:170:8
    |
169 | impl Work {
    | --------- method in this implementation
170 |     fn class(&self) -> usize {
    |        ^^^^^

warning: struct `Baseline` is never constructed
   --> examples/panel_route_diploid_search/mod.rs:209:8
    |
209 | struct Baseline {
    |        ^^^^^^^^

warning: struct `PairedChain` is never constructed
   --> examples/panel_route_diploid_search/mod.rs:222:8
    |
222 | struct PairedChain {
    |        ^^^^^^^^^^^

warning: struct `Receipt` is never constructed
   --> examples/panel_route_diploid_search/mod.rs:227:8
    |
227 | struct Receipt {
    |        ^^^^^^^

warning: struct `EmissionPlan` is never constructed
   --> examples/panel_route_diploid_search/mod.rs:231:8
    |
231 | struct EmissionPlan {
    |        ^^^^^^^^^^^^

warning: function `next_native` is never used
   --> examples/panel_route_diploid_search/mod.rs:236:4
    |
236 | fn next_native(pair: [usize; 2], families: usize, fixed: bool) -> Option<[usize; 2]> {
    |    ^^^^^^^^^^^

warning: function `expansion_eligible` is never used
   --> examples/panel_route_diploid_search/mod.rs:248:8
    |
248 | pub fn expansion_eligible(pair: &Pair, admitted: &[Pair]) -> bool {
    |        ^^^^^^^^^^^^^^^^^^

warning: function `route_slice` is never used
   --> examples/panel_route_diploid_search/mod.rs:252:4
    |
252 | fn route_slice(route: &routes::Route, from: u64, to: u64) -> io::Result<Vec<routes::Segment>> {
    |    ^^^^^^^^^^^

warning: function `segment_slice` is never used
   --> examples/panel_route_diploid_search/mod.rs:288:4
    |
288 | fn segment_slice(segment: &routes::Segment, from: u64, to: u64) -> io::Result<routes::Segment> {
    |    ^^^^^^^^^^^^^

warning: function `project_segment` is never used
   --> examples/panel_route_diploid_search/mod.rs:312:4
    |
312 | fn project_segment(
    |    ^^^^^^^^^^^^^^^

warning: struct `Engine` is never constructed
   --> examples/panel_route_diploid_search/mod.rs:355:8
    |
355 | struct Engine<'a, 'b> {
    |        ^^^^^^

warning: multiple methods are never used
    --> examples/panel_route_diploid_search/mod.rs:399:8
     |
 397 | impl Engine<'_, '_> {
     | ------------------- methods in this implementation
 398 |     /// One production dispatch, or finite retirement; errors preserve the current remainder.
 399 |     fn scheduler_step(&mut self) -> io::Result<bool> {
     |        ^^^^^^^^^^^^^^
...
 444 |     fn write_pending(&self) -> io::Result<()> {
     |        ^^^^^^^^^^^^^
...
 450 |     fn owned(&self) -> usize {
     |        ^^^^^
...
 453 |     fn account(&mut self, stage: &str) -> io::Result<()> {
     |        ^^^^^^^
...
 465 |     fn transfer(&mut self, work: Work) {
     |        ^^^^^^^^
...
 470 |     fn begin(&mut self, index: usize, grant: usize) -> io::Result<Work> {
     |        ^^^^^
...
 486 |     fn release_current(&mut self) -> io::Result<()> {
     |        ^^^^^^^^^^^^^^^
...
 496 |     fn geometry_grant(&self, t: &PairedTask) -> io::Result<usize> {
     |        ^^^^^^^^^^^^^^
...
 530 |     fn emission_plan(&mut self, p: &Emission) -> io::Result<EmissionPlan> {
     |        ^^^^^^^^^^^^^
...
 597 |     fn grant(&mut self, work: &Work) -> io::Result<usize> {
     |        ^^^^^
...
 618 |     fn ready(&mut self) -> io::Result<Option<(usize, usize, usize)>> {
     |        ^^^^^
...
 638 |     fn service_emission(&mut self, p: Emission, native: Option<NativeHead>) -> io::Result<()> {
     |        ^^^^^^^^^^^^^^^^
...
 690 |     fn dispatch(&mut self, work: Work) -> io::Result<()> {
     |        ^^^^^^^^
...
 723 |     fn score(&mut self, pair: &Pair, native: bool) -> io::Result<Scored> {
     |        ^^^^^
...
 736 |     fn eligible(&self, pair: &Pair) -> bool {
     |        ^^^^^^^^
...
 739 |     fn add_base(&mut self, scored: Scored, depth: u8, reason: &str) -> io::Result<()> {
     |        ^^^^^^^^
...
 786 |     fn completed_receipt(&mut self, s: &Scored) {
     |        ^^^^^^^^^^^^^^^^^
...
 796 |     fn remember(&mut self, s: &Scored) -> io::Result<bool> {
     |        ^^^^^^^^
...
 812 |     fn native(&mut self, families: [usize; 2]) -> io::Result<()> {
     |        ^^^^^^
...
 829 |     fn feedback(
     |        ^^^^^^^^
...
 903 |     fn confirm(&mut self, base: usize, copy: usize, p: continuation::Proposal) -> io::Result<()> {
     |        ^^^^^^^
...
1117 |     fn ordinary(&mut self, t: PairedTask) -> io::Result<()> {
     |        ^^^^^^^^
...
1157 |     fn admit_chains(&mut self) -> io::Result<()> {
     |        ^^^^^^^^^^^^
...
1179 |     fn chain(&mut self) -> io::Result<()> {
     |        ^^^^^

warning: function `run` is never used
    --> examples/panel_route_diploid_search/mod.rs:1235:8
     |
1235 | pub fn run(options: Options, fixed_family: Option<usize>) -> io::Result<Value> {
     |        ^^^

warning: constant `CONFLICT_BEAM_WIDTH` is never used
  --> examples/panel_route_diploid_search/genome.rs:34:7
   |
34 | const CONFLICT_BEAM_WIDTH: usize = 128;
   |       ^^^^^^^^^^^^^^^^^^^

warning: fields `covered_bytes` and `covered_records` are never read
   --> examples/panel_route_diploid_search/genome.rs:971:5
    |
967 | struct RecordsSidecar {
    |        -------------- fields in this struct
...
971 |     covered_bytes: u64,
    |     ^^^^^^^^^^^^^
972 |     covered_records: u64,
    |     ^^^^^^^^^^^^^^^

warning: associated function `open_filtered` is never used
    --> examples/panel_route_diploid_search/genome.rs:1195:12
     |
1182 | impl ProfileCache {
     | ----------------- associated function in this implementation
...
1195 |     pub fn open_filtered(path: &Path, retain: &dyn Fn(&str) -> bool) -> io::Result<Self> {
     |            ^^^^^^^^^^^^^

warning: field `profile` is never read
    --> examples/panel_route_diploid_search/genome.rs:1759:9
     |
1757 | pub struct GenomeAllele {
     |            ------------ field in this struct
1758 |     pub traversal: SpanningTraversal,
1759 |     pub profile: Profile,
     |         ^^^^^^^
     |
     = note: `GenomeAllele` has derived impls for the traits `Debug` and `Clone`, but these are intentionally ignored during dead code analysis

warning: function `intern_profile` is never used
    --> examples/panel_route_diploid_search/genome.rs:1769:8
     |
1769 | pub fn intern_profile(
     |        ^^^^^^^^^^^^^^

warning: function `profile_classes` is never used
    --> examples/panel_route_diploid_search/genome.rs:1966:8
     |
1966 | pub fn profile_classes(alleles: &[GenomeAllele]) -> Vec<Vec<usize>> {
     |        ^^^^^^^^^^^^^^^

warning: function `class_for_alleles` is never used
    --> examples/panel_route_diploid_search/genome.rs:1977:4
     |
1977 | fn class_for_alleles(alleles: &[GenomeAllele]) -> (Vec<Profile>, Vec<usize>) {
     |    ^^^^^^^^^^^^^^^^^

warning: function `incidence_table` is never used
    --> examples/panel_route_diploid_search/genome.rs:2059:8
     |
2059 | pub fn incidence_table(
     |        ^^^^^^^^^^^^^^^

warning: function `merged_profile` is never used
    --> examples/panel_route_diploid_search/genome.rs:2332:4
     |
2332 | fn merged_profile(parts: &[&Profile]) -> io::Result<Profile> {
     |    ^^^^^^^^^^^^^^

warning: function `score_complete_profile` is never used
    --> examples/panel_route_diploid_search/genome.rs:2345:4
     |
2345 | fn score_complete_profile(
     |    ^^^^^^^^^^^^^^^^^^^^^^

warning: field `keys` is never read
    --> examples/panel_route_diploid_search/genome.rs:2791:5
     |
2789 | struct FeatureUniverse {
     |        --------------- field in this struct
2790 |     /// fid -> feature, sorted by feature.
2791 |     keys: Vec<FeatureKey>,
     |     ^^^^

warning: function `profile_value_fingerprint` is never used
    --> examples/panel_route_diploid_search/genome.rs:3031:4
     |
3031 | fn profile_value_fingerprint(feature: &FeatureKey, value: u64) -> u64 {
     |    ^^^^^^^^^^^^^^^^^^^^^^^^^

warning: function `conflict_copy_eligible` is never used
    --> examples/panel_route_diploid_search/genome.rs:3690:4
     |
3690 | fn conflict_copy_eligible(
     |    ^^^^^^^^^^^^^^^^^^^^^^

warning: function `conflict_eligible` is never used
    --> examples/panel_route_diploid_search/genome.rs:3718:4
     |
3718 | fn conflict_eligible(
     |    ^^^^^^^^^^^^^^^^^

warning: method `peak_bytes` is never used
    --> examples/panel_route_diploid_search/genome.rs:3871:12
     |
3860 | impl PeriodicRssGuard {
     | --------------------- method in this implementation
...
3871 |     pub fn peak_bytes(&self) -> u64 {
     |            ^^^^^^^^^^

warning: function `exact_chain_streaming` is never used
    --> examples/panel_route_diploid_search/genome.rs:5380:8
     |
5380 | pub fn exact_chain_streaming<F>(
     |        ^^^^^^^^^^^^^^^^^^^^^

warning: function `exact_chain` is never used
    --> examples/panel_route_diploid_search/genome.rs:5808:8
     |
5808 | pub fn exact_chain(
     |        ^^^^^^^^^^^

warning: struct `Allele` is never constructed
  --> examples/panel_route_diploid_search/partition.rs:34:12
   |
34 | pub struct Allele {
   |            ^^^^^^

warning: struct `Seam` is never constructed
  --> examples/panel_route_diploid_search/partition.rs:41:12
   |
41 | pub struct Seam {
   |            ^^^^

warning: enum `FeatureClass` is never used
  --> examples/panel_route_diploid_search/partition.rs:48:10
   |
48 | pub enum FeatureClass {
   |          ^^^^^^^^^^^^

warning: struct `UniverseEntry` is never constructed
  --> examples/panel_route_diploid_search/partition.rs:55:12
   |
55 | pub struct UniverseEntry {
   |            ^^^^^^^^^^^^^

warning: struct `Universe` is never constructed
  --> examples/panel_route_diploid_search/partition.rs:62:12
   |
62 | pub struct Universe {
   |            ^^^^^^^^

warning: struct `FeatureSpectrumBin` is never constructed
  --> examples/panel_route_diploid_search/partition.rs:67:12
   |
67 | pub struct FeatureSpectrumBin {
   |            ^^^^^^^^^^^^^^^^^^

warning: function `catalog_ranges` is never used
  --> examples/panel_route_diploid_search/partition.rs:80:8
   |
80 | pub fn catalog_ranges(catalog: &catalog::Catalog) -> io::Result<Vec<Vec<SourceRange>>> {
   |        ^^^^^^^^^^^^^^

warning: function `add_record_subwalks` is never used
   --> examples/panel_route_diploid_search/partition.rs:146:8
    |
146 | pub fn add_record_subwalks(
    |        ^^^^^^^^^^^^^^^^^^^

warning: function `profile_read` is never used
   --> examples/panel_route_diploid_search/partition.rs:179:8
    |
179 | pub fn profile_read(panel: &SyngIndex, read: &[u8], max_features: usize) -> io::Result<Profile> {
    |        ^^^^^^^^^^^^

warning: function `merge` is never used
   --> examples/panel_route_diploid_search/partition.rs:188:4
    |
188 | fn merge(target: &mut Profile, source: &Profile, max_features: usize) -> io::Result<()> {
    |    ^^^^^

warning: function `profile_interior` is never used
   --> examples/panel_route_diploid_search/partition.rs:196:8
    |
196 | pub fn profile_interior(
    |        ^^^^^^^^^^^^^^^^

warning: function `profile_seam` is never used
   --> examples/panel_route_diploid_search/partition.rs:219:8
    |
219 | pub fn profile_seam(
    |        ^^^^^^^^^^^^

warning: function `allele` is never used
   --> examples/panel_route_diploid_search/partition.rs:250:8
    |
250 | pub fn allele(
    |        ^^^^^^

warning: function `catalog_alleles` is never used
   --> examples/panel_route_diploid_search/partition.rs:274:8
    |
274 | pub fn catalog_alleles(
    |        ^^^^^^^^^^^^^^^

warning: function `seams_from_public_links` is never used
   --> examples/panel_route_diploid_search/partition.rs:295:8
    |
295 | pub fn seams_from_public_links(
    |        ^^^^^^^^^^^^^^^^^^^^^^^

warning: function `seam` is never used
   --> examples/panel_route_diploid_search/partition.rs:343:8
    |
343 | pub fn seam(
    |        ^^^^

warning: function `universe` is never used
   --> examples/panel_route_diploid_search/partition.rs:370:8
    |
370 | pub fn universe(
    |        ^^^^^^^^

warning: function `feature_spectrum` is never used
   --> examples/panel_route_diploid_search/partition.rs:445:8
    |
445 | pub fn feature_spectrum(
    |        ^^^^^^^^^^^^^^^^

warning: function `sum_profiles` is never used
   --> examples/panel_route_diploid_search/partition.rs:495:8
    |
495 | pub fn sum_profiles<'a>(
    |        ^^^^^^^^^^^^

warning: function `score_where` is never used
   --> examples/panel_route_diploid_search/partition.rs:547:4
    |
547 | fn score_where(
    |    ^^^^^^^^^^^

warning: function `score_pair` is never used
   --> examples/panel_route_diploid_search/partition.rs:573:8
    |
573 | pub fn score_pair(
    |        ^^^^^^^^^^

warning: struct `Diplotype` is never constructed
   --> examples/panel_route_diploid_search/partition.rs:583:12
    |
583 | pub struct Diplotype {
    |            ^^^^^^^^^

warning: function `local_diplotypes` is never used
   --> examples/panel_route_diploid_search/partition.rs:588:8
    |
588 | pub fn local_diplotypes(
    |        ^^^^^^^^^^^^^^^^

warning: function `boundary_matchings` is never used
   --> examples/panel_route_diploid_search/partition.rs:619:8
    |
619 | pub fn boundary_matchings(
    |        ^^^^^^^^^^^^^^^^^^

warning: struct `Accounting` is never constructed
   --> examples/panel_route_diploid_search/partition.rs:665:12
    |
665 | pub struct Accounting {
    |            ^^^^^^^^^^

warning: associated items `charge`, `work`, `work_bounded`, `profile`, and `state` are never used
   --> examples/panel_route_diploid_search/partition.rs:677:8
    |
676 | impl Accounting {
    | --------------- associated items in this implementation
677 |     fn charge(value: &mut u64, amount: u64, cap: u64, reason: &str) -> io::Result<()> {
    |        ^^^^^^
...
683 |     fn work(&mut self, n: u64) -> io::Result<()> {
    |        ^^^^
...
686 |     fn work_bounded(&mut self, n: u64, max_work: u64) -> io::Result<()> {
    |        ^^^^^^^^^^^^
...
690 |     fn profile(&mut self, n: u64) -> io::Result<()> {
    |        ^^^^^^^
...
698 |     fn state(&mut self, n: u64) -> io::Result<()> {
    |        ^^^^^

warning: struct `Backpointer` is never constructed
   --> examples/panel_route_diploid_search/partition.rs:709:12
    |
709 | pub struct Backpointer {
    |            ^^^^^^^^^^^

warning: struct `ChainState` is never constructed
   --> examples/panel_route_diploid_search/partition.rs:716:12
    |
716 | pub struct ChainState {
    |            ^^^^^^^^^^

warning: struct `ChainSearch` is never constructed
   --> examples/panel_route_diploid_search/partition.rs:724:12
    |
724 | pub struct ChainSearch {
    |            ^^^^^^^^^^^

warning: function `logical_state_bytes` is never used
   --> examples/panel_route_diploid_search/partition.rs:731:4
    |
731 | fn logical_state_bytes(partitions: usize) -> u64 {
    |    ^^^^^^^^^^^^^^^^^^^

warning: function `class_terms` is never used
   --> examples/panel_route_diploid_search/partition.rs:737:4
    |
737 | fn class_terms(universe: &Universe, class: &FeatureClass) -> u64 {
    |    ^^^^^^^^^^^

warning: function `chain_diplotypes` is never used
   --> examples/panel_route_diploid_search/partition.rs:748:8
    |
748 | pub fn chain_diplotypes(
    |        ^^^^^^^^^^^^^^^^

warning: function `chain_diplotypes_bounded` is never used
   --> examples/panel_route_diploid_search/partition.rs:757:8
    |
757 | pub fn chain_diplotypes_bounded(
    |        ^^^^^^^^^^^^^^^^^^^^^^^^

warning: struct `ChainedCandidate` is never constructed
   --> examples/panel_route_diploid_search/partition.rs:990:12
    |
990 | pub struct ChainedCandidate {
    |            ^^^^^^^^^^^^^^^^

warning: function `rescore_chained` is never used
   --> examples/panel_route_diploid_search/partition.rs:995:8
    |
995 | pub fn rescore_chained(
    |        ^^^^^^^^^^^^^^^

warning: function `reconstruct_sequence` is never used
    --> examples/panel_route_diploid_search/partition.rs:1082:8
     |
1082 | pub fn reconstruct_sequence(chain: &[&Allele]) -> Vec<u8> {
     |        ^^^^^^^^^^^^^^^^^^^^

warning: function `reconstruct_route` is never used
    --> examples/panel_route_diploid_search/partition.rs:1089:8
     |
1089 | pub fn reconstruct_route(chain: &[&Allele]) -> routes::Route {
     |        ^^^^^^^^^^^^^^^^^

warning: function `reconstruct_assignment` is never used
    --> examples/panel_route_diploid_search/partition.rs:1105:8
     |
1105 | pub fn reconstruct_assignment(
     |        ^^^^^^^^^^^^^^^^^^^^^^

warning: function `profile_complete_sequence` is never used
    --> examples/panel_route_diploid_search/partition.rs:1159:8
     |
1159 | pub fn profile_complete_sequence(
     |        ^^^^^^^^^^^^^^^^^^^^^^^^^

warning: struct `Haplotype` is never constructed
    --> examples/panel_route_diploid_search/partition.rs:1169:12
     |
1169 | pub struct Haplotype {
     |            ^^^^^^^^^

warning: function `source_spans_feasible` is never used
    --> examples/panel_route_diploid_search/partition.rs:1177:4
     |
1177 | fn source_spans_feasible(ranges: &[SourceRange]) -> bool {
     |    ^^^^^^^^^^^^^^^^^^^^^

warning: function `enumerate_haplotypes_assessment_oracle` is never used
    --> examples/panel_route_diploid_search/partition.rs:1191:8
     |
1191 | pub fn enumerate_haplotypes_assessment_oracle(
     |        ^^^^^^^^^^^^^^^^^^^^^^^^^^^^^^^^^^^^^^

warning: struct `RankedPair` is never constructed
    --> examples/panel_route_diploid_search/partition.rs:1255:12
     |
1255 | pub struct RankedPair {
     |            ^^^^^^^^^^

warning: function `rank_pairs_assessment_oracle` is never used
    --> examples/panel_route_diploid_search/partition.rs:1260:8
     |
1260 | pub fn rank_pairs_assessment_oracle(
     |        ^^^^^^^^^^^^^^^^^^^^^^^^^^^^

warning: struct `Pair` is never constructed
 --> examples/panel_route_diploid_search/score.rs:5:12
  |
5 | pub struct Pair {
  |            ^^^^

warning: method `key` is never used
  --> examples/panel_route_diploid_search/score.rs:10:12
   |
 8 | impl Pair {
   | --------- method in this implementation
 9 |     /// A comparison key only: never reorder an immutable baseline's slots.
10 |     pub fn key(&self) -> Self {
   |            ^^^

warning: struct `Factor` is never constructed
  --> examples/panel_route_diploid_search/score.rs:17:12
   |
17 | pub struct Factor {
   |            ^^^^^^

warning: struct `Scored` is never constructed
  --> examples/panel_route_diploid_search/score.rs:25:12
   |
25 | pub struct Scored {
   |            ^^^^^^

warning: function `add` is never used
  --> examples/panel_route_diploid_search/score.rs:29:8
   |
29 | pub fn add(a: u64, b: u64) -> io::Result<u64> {
   |        ^^^

warning: function `loss` is never used
  --> examples/panel_route_diploid_search/score.rs:33:8
   |
33 | pub fn loss(q: u64, observed: u64, histogram: u64) -> io::Result<(f64, f64)> {
   |        ^^^^

warning: struct `Scorer` is never constructed
  --> examples/panel_route_diploid_search/score.rs:46:12
   |
46 | pub struct Scorer<'a, 'b> {
   |            ^^^^^^

warning: method `evaluate` is never used
  --> examples/panel_route_diploid_search/score.rs:56:12
   |
55 | impl Scorer<'_, '_> {
   | ------------------- method in this implementation
56 |     pub fn evaluate(&mut self, pair: &Pair, native: bool) -> io::Result<Scored> {
   |            ^^^^^^^^

warning: `impg` (example "panel_route_genome_smoke") generated 95 warnings (run `cargo fix --example "panel_route_genome_smoke" -p impg` to apply 5 suggestions)
    Finished `release` profile [optimized] target(s) in 10.54s
