warning: field `candidates_seen` is never read
   --> src/resolution.rs:857:5
    |
854 | struct CandidateFrontier {
    |        ----------------- field in this struct
...
857 |     candidates_seen: usize,
    |     ^^^^^^^^^^^^^^^
    |
    = note: `CandidateFrontier` has derived impls for the traits `Debug` and `Clone`, but these are intentionally ignored during dead code analysis
    = note: `#[warn(dead_code)]` (part of `#[warn(unused)]`) on by default

warning: field `at_round` is never read
   --> src/resolution.rs:879:16
    |
879 |     Resolved { at_round: usize },
    |     --------   ^^^^^^^^
    |     |
    |     field in this variant
    |
    = note: `BubbleState` has derived impls for the traits `Debug` and `Clone`, but these are intentionally ignored during dead code analysis

warning: field `at_round` is never read
   --> src/resolution.rs:880:14
    |
880 |     Failed { at_round: usize },
    |     ------   ^^^^^^^^
    |     |
    |     field in this variant
    |
    = note: `BubbleState` has derived impls for the traits `Debug` and `Clone`, but these are intentionally ignored during dead code analysis

warning: function `generate_multi_level_candidates` is never used
    --> src/resolution.rs:3397:4
     |
3397 | fn generate_multi_level_candidates(
     |    ^^^^^^^^^^^^^^^^^^^^^^^^^^^^^^^

warning: function `find_candidate_frontier` is never used
    --> src/resolution.rs:7171:4
     |
7171 | fn find_candidate_frontier(
     |    ^^^^^^^^^^^^^^^^^^^^^^^

warning: function `split_path_coordinate_suffix` is never used
     --> src/resolution.rs:10712:4
      |
10712 | fn split_path_coordinate_suffix(name: &str) -> Option<(&str, usize, usize)> {
      |    ^^^^^^^^^^^^^^^^^^^^^^^^^^^^

warning: `impg` (lib) generated 6 warnings
   Compiling impg v0.5.0 (/home/erikg/impg-genome-inference)
warning: unnecessary trailing semicolon
    --> examples/panel_route_spine/mod.rs:1205:79
     |
1205 |             let right_sequence = decompose_segment_sequence(sources, &right)?;;
     |                                                                               ^ help: remove this semicolon
     |
     = note: `#[warn(redundant_semicolons)]` (part of `#[warn(unused)]`) on by default

warning: variable does not need to be mutable
    --> examples/panel_route_diploid_search/genome.rs:1767:13
     |
1767 |         let mut mode;
     |             ----^^^^
     |             |
     |             help: remove this `mut`
     |
     = note: `#[warn(unused_mut)]` (part of `#[warn(unused)]`) on by default

warning: variable `evaluated_state_classes` is assigned to, but never used
    --> examples/panel_route_diploid_search/genome.rs:4896:13
     |
4896 |         let mut evaluated_state_classes = 0usize;
     |             ^^^^^^^^^^^^^^^^^^^^^^^^^^^
     |
     = note: consider using `_evaluated_state_classes` instead
     = note: `#[warn(unused_variables)]` (part of `#[warn(unused)]`) on by default

warning: value assigned to `evaluated_state_classes` is never read
    --> examples/panel_route_diploid_search/genome.rs:5052:17
     |
5052 |                 evaluated_state_classes += 1;
     |                 ^^^^^^^^^^^^^^^^^^^^^^^^^^^^
     |
     = help: maybe it is overwritten before being read?
     = note: `#[warn(unused_assignments)]` (part of `#[warn(unused)]`) on by default

warning: variable does not need to be mutable
    --> examples/panel_route_diploid_search/genome.rs:5732:5
     |
5732 |     mut load_profiles: F,
     |     ----^^^^^^^^^^^^^
     |     |
     |     help: remove this `mut`

warning: unused variable: `boundary`
   --> examples/panel_route_spine/phasing.rs:245:5
    |
245 |     boundary: usize,
    |     ^^^^^^^^ help: if this is intentional, prefix it with an underscore: `_boundary`

warning: unused variable: `overlap`
   --> examples/panel_route_spine/phasing.rs:313:27
    |
313 |     for &(_, left, right, overlap) in canonical {
    |                           ^^^^^^^ help: if this is intentional, prefix it with an underscore: `_overlap`

warning: value assigned to `allele_profile` is never read
   --> examples/panel_route_spine/phasing.rs:635:51
    |
635 |         let mut allele_profile: Option<Profile> = None;
    |                                                   ^^^^ this value is reassigned later and never used
...
730 |             allele_profile = Some(profile);
    |             -------------- `allele_profile` is overwritten here before the previous value is read

warning: variable does not need to be mutable
    --> examples/panel_route_spine/phasing.rs:3273:9
     |
3273 |     let mut dry_run = std::env::var("IMPG_FINALIST_DRY_RUN").is_ok();
     |         ----^^^^^^^
     |         |
     |         help: remove this `mut`

warning: unused variable: `boundary`
    --> examples/panel_route_spine/phasing.rs:2682:16
     |
2682 |         .map(|(boundary, draft)| {
     |                ^^^^^^^^ help: if this is intentional, prefix it with an underscore: `_boundary`

warning: unused variable: `boundary`
    --> examples/panel_route_spine/phasing.rs:2668:16
     |
2668 |         .map(|(boundary, draft)| {
     |                ^^^^^^^^ help: if this is intentional, prefix it with an underscore: `_boundary`

warning: value assigned to `stopped_by` is never read
    --> examples/panel_route_spine/phasing.rs:3271:26
     |
3271 |     let mut stopped_by = "exhausted";
     |                          ^^^^^^^^^^^ this value is reassigned later and never used
...
3300 |                 stopped_by = "containment_doubled";
     |                 ---------------------------------- `stopped_by` is overwritten here before the previous value is read

warning: unused variable: `partition`
   --> examples/panel_route_spine/mod.rs:116:5
    |
116 |     partition: u32,
    |     ^^^^^^^^^ help: if this is intentional, prefix it with an underscore: `_partition`

warning: unused variable: `routed_equal`
   --> examples/panel_route_spine/mod.rs:119:5
    |
119 |     routed_equal: &crate::RoutedObs,
    |     ^^^^^^^^^^^^ help: if this is intentional, prefix it with an underscore: `_routed_equal`

warning: unused variable: `piece`
   --> examples/panel_route_spine/mod.rs:920:25
    |
920 |                     let piece = (source, start, end, reverse, owner);
    |                         ^^^^^ help: if this is intentional, prefix it with an underscore: `_piece`

warning: unused variable: `partitions`
    --> examples/panel_route_spine/mod.rs:1271:5
     |
1271 |     partitions: &[u32],
     |     ^^^^^^^^^^ help: if this is intentional, prefix it with an underscore: `_partitions`

warning: unused variable: `piece`
    --> examples/panel_route_spine/mod.rs:1787:21
     |
1787 |                 let piece = (source, start, end, reverse, piece_owner);
     |                     ^^^^^ help: if this is intentional, prefix it with an underscore: `_piece`

warning: unused variable: `routed_equal`
    --> examples/panel_route_spine/mod.rs:3143:5
     |
3143 |     routed_equal: &crate::RoutedObs,
     |     ^^^^^^^^^^^^ help: if this is intentional, prefix it with an underscore: `_routed_equal`

warning: unused variable: `right_ranges`
    --> examples/panel_route_spine/mod.rs:3270:5
     |
3270 |     right_ranges: &[genome::SpanningTraversal],
     |     ^^^^^^^^^^^^ help: if this is intentional, prefix it with an underscore: `_right_ranges`

warning: variable does not need to be mutable
    --> examples/panel_route_spine/mod.rs:4035:34
     |
4035 |     let (mut margins_admissible, mut suffix_from_next) = compute_margins(&min_pair, &min_seam)?;
     |                                  ----^^^^^^^^^^^^^^^^
     |                                  |
     |                                  help: remove this `mut`

warning: variable does not need to be mutable
    --> examples/panel_route_spine/mod.rs:4047:9
     |
4047 |     let mut margins = compute_local_margins(&min_pair, &successors_ref, &viable);
     |         ----^^^^^^^
     |         |
     |         help: remove this `mut`

warning: value assigned to `partitions` is never read
   --> examples/panel_route_mem_routed.rs:892:9
    |
892 |         partitions += extension.pure_new.len();
    |         ^^^^^^^^^^^^^^^^^^^^^^^^^^^^^^^^^^^^^^
    |
    = help: maybe it is overwritten before being read?

warning: variable does not need to be mutable
    --> examples/panel_route_mem_routed.rs:1768:9
     |
1768 |     let mut push_anchor_events = |pos: u64, events: &mut Vec<u64>| {
     |         ----^^^^^^^^^^^^^^^^^^
     |         |
     |         help: remove this `mut`

warning: variable does not need to be mutable
    --> examples/panel_route_mem_routed.rs:2091:9
     |
2091 |     let mut keys: BTreeSet<&FeatureKey> = oracle.keys().chain(geometric.keys()).collect();
     |         ----^^^^
     |         |
     |         help: remove this `mut`

warning: variable does not need to be mutable
    --> examples/panel_route_mem_routed.rs:2748:9
     |
2748 |         mut self,
     |         ----^^^^
     |         |
     |         help: remove this `mut`

warning: unused variable: `rank`
    --> examples/panel_route_mem_routed.rs:2756:14
     |
2756 |         for (rank, key) in self.ranking {
     |              ^^^^ help: if this is intentional, prefix it with an underscore: `_rank`

warning: variable does not need to be mutable
    --> examples/panel_route_mem_routed.rs:3255:9
     |
3255 |     let mut fnv_update = |value: &mut u64, bytes: &[u8]| {
     |         ----^^^^^^^^^^
     |         |
     |         help: remove this `mut`

warning: unused variable: `aq`
    --> examples/panel_route_mem_routed.rs:3477:24
     |
3477 |             (Some(&(_, aq, ao)), Some(&(_, _, _))) if j >= second.len() => true,
     |                        ^^ help: if this is intentional, prefix it with an underscore: `_aq`

warning: unused variable: `ao`
    --> examples/panel_route_mem_routed.rs:3477:28
     |
3477 |             (Some(&(_, aq, ao)), Some(&(_, _, _))) if j >= second.len() => true,
     |                            ^^ help: if this is intentional, prefix it with an underscore: `_ao`

warning: unused variable: `bo`
    --> examples/panel_route_mem_routed.rs:3478:48
     |
3478 |             (Some(&(_, aq, ao)), Some(&(_, bq, bo))) => {
     |                                                ^^ help: if this is intentional, prefix it with an underscore: `_bo`

warning: unused variable: `start`
    --> examples/panel_route_mem_routed.rs:4645:35
     |
4645 | ...                   for &(start, end, member) in &spans[..prefix] {
     |                             ^^^^^ help: if this is intentional, prefix it with an underscore: `_start`

warning: variable does not need to be mutable
    --> examples/panel_route_mem_routed.rs:5276:5
     |
5276 |     mut shared_piece_memo: Option<&mut HashMap<(usize, u64, u64), Profile>>,
     |     ----^^^^^^^^^^^^^^^^^
     |     |
     |     help: remove this `mut`

warning: unused variable: `piece`
    --> examples/panel_route_mem_routed.rs:5427:25
     |
5427 |                     let piece = (source, start, end, reverse, owner);
     |                         ^^^^^ help: if this is intentional, prefix it with an underscore: `_piece`

warning: unused variable: `routing_seconds`
    --> examples/panel_route_mem_routed.rs:6505:9
     |
6505 |     let routing_seconds = routing_started.elapsed().as_secs_f64();
     |         ^^^^^^^^^^^^^^^ help: if this is intentional, prefix it with an underscore: `_routing_seconds`

warning: unused variable: `locus`
    --> examples/panel_route_mem_routed.rs:7190:18
     |
7190 |     for (index, (locus, segments, identity, reverse)) in sample_candidates.iter().enumerate() {
     |                  ^^^^^ help: if this is intentional, prefix it with an underscore: `_locus`

warning: unused variable: `hi`
    --> examples/panel_route_mem_routed.rs:7230:21
     |
7230 |                 let hi = lo + READ_LENGTH as u64;
     |                     ^^ help: if this is intentional, prefix it with an underscore: `_hi`

warning: function `merge_routed` is never used
    --> examples/panel_route_mem_routed.rs:1172:4
     |
1172 | fn merge_routed(target: &mut RoutedObs, source: &RoutedObs) {
     |    ^^^^^^^^^^^^
     |
     = note: `#[warn(dead_code)]` (part of `#[warn(unused)]`) on by default

warning: field `partitions` is never read
    --> examples/panel_route_mem_routed.rs:1223:16
     |
1216 | pub(crate) struct SiteRecord {
     |                   ---------- field in this struct
...
1223 |     pub(crate) partitions: Vec<u32>,
     |                ^^^^^^^^^^

warning: trait `SiteRecordSource` is never used
    --> examples/panel_route_mem_routed.rs:1230:18
     |
1230 | pub(crate) trait SiteRecordSource {
     |                  ^^^^^^^^^^^^^^^^

warning: function `profile_loss_routed` is never used
    --> examples/panel_route_mem_routed.rs:2253:4
     |
2253 | fn profile_loss_routed(
     |    ^^^^^^^^^^^^^^^^^^^

warning: function `merged_pair_loss_owned` is never used
    --> examples/panel_route_mem_routed.rs:2442:4
     |
2442 | fn merged_pair_loss_owned(
     |    ^^^^^^^^^^^^^^^^^^^^^^

warning: function `merged_pair_loss_multiplicity_owned` is never used
    --> examples/panel_route_mem_routed.rs:2490:4
     |
2490 | fn merged_pair_loss_multiplicity_owned(
     |    ^^^^^^^^^^^^^^^^^^^^^^^^^^^^^^^^^^^

warning: struct `DpFinalist` is never constructed
    --> examples/panel_route_mem_routed.rs:2571:8
     |
2571 | struct DpFinalist {
     |        ^^^^^^^^^^

warning: field `classes` is never read
    --> examples/panel_route_mem_routed.rs:3098:5
     |
3097 | struct LazyPairTable<'a> {
     |        ------------- field in this struct
3098 |     classes: usize,
     |     ^^^^^^^

warning: constant `JOINT_PROJECTION_WINDOW` is never used
  --> examples/panel_route_diploid_search/mod.rs:33:7
   |
33 | const JOINT_PROJECTION_WINDOW: u64 = 16;
   |       ^^^^^^^^^^^^^^^^^^^^^^^

warning: function `line` is never used
  --> examples/panel_route_diploid_search/mod.rs:41:4
   |
41 | fn line(f: &mut File, v: &impl Serialize) -> io::Result<()> {
   |    ^^^^

warning: methods `validate` and `meter_options` are never used
   --> examples/panel_route_diploid_search/mod.rs:87:12
    |
 86 | impl Options {
    | ------------ methods in this implementation
 87 |     pub fn validate(&self) -> io::Result<()> {
    |            ^^^^^^^^
...
112 |     fn meter_options(&self) -> haploid::Options {
    |        ^^^^^^^^^^^^^

warning: method `has_intents` is never used
   --> examples/panel_route_diploid_search/mod.rs:153:8
    |
152 | impl Emission {
    | ------------- method in this implementation
153 |     fn has_intents(&self) -> bool {
    |        ^^^^^^^^^^^

warning: variants `Emission` and `Native` are never constructed
   --> examples/panel_route_diploid_search/mod.rs:166:5
    |
164 | enum Work {
    |      ---- variants in this enum
165 |     Geometry(PairedTask),
166 |     Emission(Emission),
    |     ^^^^^^^^
167 |     Native(NativeHead),
    |     ^^^^^^
    |
    = note: `Work` has a derived impl for the trait `Clone`, but this is intentionally ignored during dead code analysis

warning: method `class` is never used
   --> examples/panel_route_diploid_search/mod.rs:170:8
    |
169 | impl Work {
    | --------- method in this implementation
170 |     fn class(&self) -> usize {
    |        ^^^^^

warning: struct `Baseline` is never constructed
   --> examples/panel_route_diploid_search/mod.rs:209:8
    |
209 | struct Baseline {
    |        ^^^^^^^^

warning: struct `PairedChain` is never constructed
   --> examples/panel_route_diploid_search/mod.rs:222:8
    |
222 | struct PairedChain {
    |        ^^^^^^^^^^^

warning: struct `Receipt` is never constructed
   --> examples/panel_route_diploid_search/mod.rs:227:8
    |
227 | struct Receipt {
    |        ^^^^^^^

warning: struct `EmissionPlan` is never constructed
   --> examples/panel_route_diploid_search/mod.rs:231:8
    |
231 | struct EmissionPlan {
    |        ^^^^^^^^^^^^

warning: function `next_native` is never used
   --> examples/panel_route_diploid_search/mod.rs:236:4
    |
236 | fn next_native(pair: [usize; 2], families: usize, fixed: bool) -> Option<[usize; 2]> {
    |    ^^^^^^^^^^^

warning: function `expansion_eligible` is never used
   --> examples/panel_route_diploid_search/mod.rs:248:8
    |
248 | pub fn expansion_eligible(pair: &Pair, admitted: &[Pair]) -> bool {
    |        ^^^^^^^^^^^^^^^^^^

warning: function `route_slice` is never used
   --> examples/panel_route_diploid_search/mod.rs:252:4
    |
252 | fn route_slice(route: &routes::Route, from: u64, to: u64) -> io::Result<Vec<routes::Segment>> {
    |    ^^^^^^^^^^^

warning: function `segment_slice` is never used
   --> examples/panel_route_diploid_search/mod.rs:288:4
    |
288 | fn segment_slice(segment: &routes::Segment, from: u64, to: u64) -> io::Result<routes::Segment> {
    |    ^^^^^^^^^^^^^

warning: function `project_segment` is never used
   --> examples/panel_route_diploid_search/mod.rs:312:4
    |
312 | fn project_segment(
    |    ^^^^^^^^^^^^^^^

warning: struct `Engine` is never constructed
   --> examples/panel_route_diploid_search/mod.rs:355:8
    |
355 | struct Engine<'a, 'b> {
    |        ^^^^^^

warning: multiple methods are never used
    --> examples/panel_route_diploid_search/mod.rs:399:8
     |
 397 | impl Engine<'_, '_> {
     | ------------------- methods in this implementation
 398 |     /// One production dispatch, or finite retirement; errors preserve the current remainder.
 399 |     fn scheduler_step(&mut self) -> io::Result<bool> {
     |        ^^^^^^^^^^^^^^
...
 444 |     fn write_pending(&self) -> io::Result<()> {
     |        ^^^^^^^^^^^^^
...
 450 |     fn owned(&self) -> usize {
     |        ^^^^^
...
 453 |     fn account(&mut self, stage: &str) -> io::Result<()> {
     |        ^^^^^^^
...
 465 |     fn transfer(&mut self, work: Work) {
     |        ^^^^^^^^
...
 470 |     fn begin(&mut self, index: usize, grant: usize) -> io::Result<Work> {
     |        ^^^^^
...
 486 |     fn release_current(&mut self) -> io::Result<()> {
     |        ^^^^^^^^^^^^^^^
...
 496 |     fn geometry_grant(&self, t: &PairedTask) -> io::Result<usize> {
     |        ^^^^^^^^^^^^^^
...
 530 |     fn emission_plan(&mut self, p: &Emission) -> io::Result<EmissionPlan> {
     |        ^^^^^^^^^^^^^
...
 597 |     fn grant(&mut self, work: &Work) -> io::Result<usize> {
     |        ^^^^^
...
 618 |     fn ready(&mut self) -> io::Result<Option<(usize, usize, usize)>> {
     |        ^^^^^
...
 638 |     fn service_emission(&mut self, p: Emission, native: Option<NativeHead>) -> io::Result<()> {
     |        ^^^^^^^^^^^^^^^^
...
 690 |     fn dispatch(&mut self, work: Work) -> io::Result<()> {
     |        ^^^^^^^^
...
 723 |     fn score(&mut self, pair: &Pair, native: bool) -> io::Result<Scored> {
     |        ^^^^^
...
 736 |     fn eligible(&self, pair: &Pair) -> bool {
     |        ^^^^^^^^
...
 739 |     fn add_base(&mut self, scored: Scored, depth: u8, reason: &str) -> io::Result<()> {
     |        ^^^^^^^^
...
 786 |     fn completed_receipt(&mut self, s: &Scored) {
     |        ^^^^^^^^^^^^^^^^^
...
 796 |     fn remember(&mut self, s: &Scored) -> io::Result<bool> {
     |        ^^^^^^^^
...
 812 |     fn native(&mut self, families: [usize; 2]) -> io::Result<()> {
     |        ^^^^^^
...
 829 |     fn feedback(
     |        ^^^^^^^^
...
 903 |     fn confirm(&mut self, base: usize, copy: usize, p: continuation::Proposal) -> io::Result<()> {
     |        ^^^^^^^
...
1117 |     fn ordinary(&mut self, t: PairedTask) -> io::Result<()> {
     |        ^^^^^^^^
...
1157 |     fn admit_chains(&mut self) -> io::Result<()> {
     |        ^^^^^^^^^^^^
...
1179 |     fn chain(&mut self) -> io::Result<()> {
     |        ^^^^^

warning: function `run` is never used
    --> examples/panel_route_diploid_search/mod.rs:1235:8
     |
1235 | pub fn run(options: Options, fixed_family: Option<usize>) -> io::Result<Value> {
     |        ^^^

warning: constant `MAX_STATE_BYTES` is never used
  --> examples/panel_route_diploid_search/genome.rs:31:11
   |
31 | pub const MAX_STATE_BYTES: u64 = 134_217_728;
   |           ^^^^^^^^^^^^^^^

warning: constant `MAX_COMPLETE_PAIRS` is never used
  --> examples/panel_route_diploid_search/genome.rs:33:11
   |
33 | pub const MAX_COMPLETE_PAIRS: usize = 2_048;
   |           ^^^^^^^^^^^^^^^^^^

warning: constant `CONFLICT_BEAM_WIDTH` is never used
  --> examples/panel_route_diploid_search/genome.rs:34:7
   |
34 | const CONFLICT_BEAM_WIDTH: usize = 128;
   |       ^^^^^^^^^^^^^^^^^^^

warning: function `split_candidates_prefiltered` is never used
   --> examples/panel_route_diploid_search/genome.rs:889:8
    |
889 | pub fn split_candidates_prefiltered<F, S>(
    |        ^^^^^^^^^^^^^^^^^^^^^^^^^^^^

warning: function `connected_path_subsample` is never used
    --> examples/panel_route_diploid_search/genome.rs:1020:8
     |
1020 | pub fn connected_path_subsample(
     |        ^^^^^^^^^^^^^^^^^^^^^^^^

warning: function `event_profile_cost` is never used
    --> examples/panel_route_diploid_search/genome.rs:1125:8
     |
1125 | pub fn event_profile_cost(
     |        ^^^^^^^^^^^^^^^^^^

warning: struct `CacheRecord` is never constructed
    --> examples/panel_route_diploid_search/genome.rs:1220:8
     |
1220 | struct CacheRecord {
     |        ^^^^^^^^^^^

warning: struct `CacheSeal` is never constructed
    --> examples/panel_route_diploid_search/genome.rs:1228:8
     |
1228 | struct CacheSeal {
     |        ^^^^^^^^^

warning: function `dev_flag` is never used
    --> examples/panel_route_diploid_search/genome.rs:1241:4
     |
1241 | fn dev_flag(name: &str) -> bool {
     |    ^^^^^^^^

warning: struct `CacheIndex` is never constructed
    --> examples/panel_route_diploid_search/genome.rs:1257:8
     |
1257 | struct CacheIndex {
     |        ^^^^^^^^^^

warning: struct `CacheHeader` is never constructed
    --> examples/panel_route_diploid_search/genome.rs:1263:8
     |
1263 | struct CacheHeader {
     |        ^^^^^^^^^^^

warning: struct `ProfileCache` is never constructed
    --> examples/panel_route_diploid_search/genome.rs:1267:12
     |
1267 | pub struct ProfileCache {
     |            ^^^^^^^^^^^^

warning: struct `RecordsSidecar` is never constructed
    --> examples/panel_route_diploid_search/genome.rs:1307:8
     |
1307 | struct RecordsSidecar {
     |        ^^^^^^^^^^^^^^

warning: struct `RecordSlot` is never constructed
    --> examples/panel_route_diploid_search/genome.rs:1316:8
     |
1316 | struct RecordSlot {
     |        ^^^^^^^^^^

warning: function `records_sidecar_path` is never used
    --> examples/panel_route_diploid_search/genome.rs:1322:4
     |
1322 | fn records_sidecar_path(path: &Path) -> PathBuf {
     |    ^^^^^^^^^^^^^^^^^^^^

warning: function `put_u32` is never used
    --> examples/panel_route_diploid_search/genome.rs:1326:4
     |
1326 | fn put_u32(out: &mut Vec<u8>, value: u32) {
     |    ^^^^^^^

warning: function `put_u64` is never used
    --> examples/panel_route_diploid_search/genome.rs:1330:4
     |
1330 | fn put_u64(out: &mut Vec<u8>, value: u64) {
     |    ^^^^^^^

warning: function `encode_record_binary` is never used
    --> examples/panel_route_diploid_search/genome.rs:1334:4
     |
1334 | fn encode_record_binary(record: &CacheRecord) -> Vec<u8> {
     |    ^^^^^^^^^^^^^^^^^^^^

warning: function `take_u32` is never used
    --> examples/panel_route_diploid_search/genome.rs:1351:4
     |
1351 | fn take_u32(payload: &[u8], cursor: &mut usize, what: &str) -> io::Result<u32> {
     |    ^^^^^^^^

warning: function `take_u64` is never used
    --> examples/panel_route_diploid_search/genome.rs:1361:4
     |
1361 | fn take_u64(payload: &[u8], cursor: &mut usize, what: &str) -> io::Result<u64> {
     |    ^^^^^^^^

warning: function `take_bytes` is never used
    --> examples/panel_route_diploid_search/genome.rs:1371:4
     |
1371 | fn take_bytes<'a>(payload: &'a [u8], cursor: &mut usize, len: usize, what: &str) -> io::Result<&'a [u8]> {
     |    ^^^^^^^^^^

warning: function `decode_record_binary` is never used
    --> examples/panel_route_diploid_search/genome.rs:1381:4
     |
1381 | fn decode_record_binary(payload: &[u8], key: &str) -> io::Result<CacheRecord> {
     |    ^^^^^^^^^^^^^^^^^^^^

warning: function `read_jsonl_record` is never used
    --> examples/panel_route_diploid_search/genome.rs:1414:4
     |
1414 | fn read_jsonl_record(path: &Path, index: CacheIndex, key: &str) -> io::Result<CacheRecord> {
     |    ^^^^^^^^^^^^^^^^^

warning: function `write_index_block` is never used
    --> examples/panel_route_diploid_search/genome.rs:1426:4
     |
1426 | fn write_index_block(
     |    ^^^^^^^^^^^^^^^^^

warning: associated items `find` and `load` are never used
    --> examples/panel_route_diploid_search/genome.rs:1449:8
     |
1447 | impl RecordsSidecar {
     | ------------------- associated items in this implementation
1448 |     /// Locate a record slot by its unique JSONL record offset.
1449 |     fn find(&self, jsonl_offset: u64) -> Option<RecordSlot> {
     |        ^^^^
...
1458 |     fn load(path: &Path) -> Option<(Vec<RecordSlot>, u64, u64)> {
     |        ^^^^

warning: struct `CacheSidecarSeal` is never constructed
    --> examples/panel_route_diploid_search/genome.rs:1508:8
     |
1508 | struct CacheSidecarSeal {
     |        ^^^^^^^^^^^^^^^^

warning: function `sidecar_path` is never used
    --> examples/panel_route_diploid_search/genome.rs:1514:4
     |
1514 | fn sidecar_path(path: &Path) -> PathBuf {
     |    ^^^^^^^^^^^^

warning: function `sidecar_seal_path` is never used
    --> examples/panel_route_diploid_search/genome.rs:1518:4
     |
1518 | fn sidecar_seal_path(path: &Path) -> PathBuf {
     |    ^^^^^^^^^^^^^^^^^

warning: multiple associated items are never used
    --> examples/panel_route_diploid_search/genome.rs:1523:12
     |
1522 | impl ProfileCache {
     | ----------------- associated items in this implementation
1523 |     pub fn open(path: &Path) -> io::Result<Self> {
     |            ^^^^
...
1535 |     pub fn open_filtered(path: &Path, retain: &dyn Fn(&str) -> bool) -> io::Result<Self> {
     |            ^^^^^^^^^^^^^
...
1539 |     pub fn retained_entries(&self) -> usize {
     |            ^^^^^^^^^^^^^^^^
...
1543 |     pub fn loaded_from_sidecar(&self) -> bool {
     |            ^^^^^^^^^^^^^^^^^^^
...
1547 |     fn open_inner(
     |        ^^^^^^^^^^
...
1558 |     pub fn open_filtered_guarded(
     |            ^^^^^^^^^^^^^^^^^^^^^
...
1566 |     fn open_guarded(
     |        ^^^^^^^^^^^^
...
1671 |     pub fn records_sidecar_report(&self) -> (bool, u64, &str, f64) {
     |            ^^^^^^^^^^^^^^^^^^^^^^
...
1685 |     fn load_sidecar(
     |        ^^^^^^^^^^^^
...
1757 |     fn sync_records_sidecar(
     |        ^^^^^^^^^^^^^^^^^^^^
...
1936 |     fn rebuild_sidecar(
     |        ^^^^^^^^^^^^^^^
...
1976 |     pub fn get_if_cached(&self, key: &str) -> io::Result<Option<(Profile, ProfileCost, u64)>> {
     |            ^^^^^^^^^^^^^
...
1989 |     fn read_indexed_record(
     |        ^^^^^^^^^^^^^^^^^^^
...
2013 |     pub fn get_or_insert_with(
     |            ^^^^^^^^^^^^^^^^^^

warning: struct `GenomeAllele` is never constructed
    --> examples/panel_route_diploid_search/genome.rs:2097:12
     |
2097 | pub struct GenomeAllele {
     |            ^^^^^^^^^^^^

warning: struct `GenomeSeam` is never constructed
    --> examples/panel_route_diploid_search/genome.rs:2103:12
     |
2103 | pub struct GenomeSeam {
     |            ^^^^^^^^^^

warning: function `intern_profile` is never used
    --> examples/panel_route_diploid_search/genome.rs:2109:8
     |
2109 | pub fn intern_profile(
     |        ^^^^^^^^^^^^^^

warning: enum `SeenAt` is never used
    --> examples/panel_route_diploid_search/genome.rs:2187:6
     |
2187 | enum SeenAt {
     |      ^^^^^^

warning: method `observe` is never used
    --> examples/panel_route_diploid_search/genome.rs:2194:8
     |
2193 | impl SeenAt {
     | ----------- method in this implementation
2194 |     fn observe(&mut self, at: usize) {
     |        ^^^^^^^

warning: struct `Incidence` is never constructed
    --> examples/panel_route_diploid_search/genome.rs:2204:8
     |
2204 | struct Incidence {
     |        ^^^^^^^^^

warning: struct `IncidenceTable` is never constructed
    --> examples/panel_route_diploid_search/genome.rs:2212:12
     |
2212 | pub struct IncidenceTable {
     |            ^^^^^^^^^^^^^^

warning: enum `LocalClass` is never used
    --> examples/panel_route_diploid_search/genome.rs:2218:6
     |
2218 | enum LocalClass {
     |      ^^^^^^^^^^

warning: struct `LocalPairEvidence` is never constructed
    --> examples/panel_route_diploid_search/genome.rs:2225:12
     |
2225 | pub struct LocalPairEvidence {
     |            ^^^^^^^^^^^^^^^^^

warning: struct `ChainAccounting` is never constructed
    --> examples/panel_route_diploid_search/genome.rs:2243:12
     |
2243 | pub struct ChainAccounting {
     |            ^^^^^^^^^^^^^^^

warning: struct `GenomeChain` is never constructed
    --> examples/panel_route_diploid_search/genome.rs:2279:12
     |
2279 | pub struct GenomeChain {
     |            ^^^^^^^^^^^

warning: struct `GenomeAudit` is never constructed
    --> examples/panel_route_diploid_search/genome.rs:2293:12
     |
2293 | pub struct GenomeAudit {
     |            ^^^^^^^^^^^

warning: function `profile_signature` is never used
    --> examples/panel_route_diploid_search/genome.rs:2299:4
     |
2299 | fn profile_signature(profile: &Profile) -> Vec<(FeatureKey, u64)> {
     |    ^^^^^^^^^^^^^^^^^

warning: function `profile_classes` is never used
    --> examples/panel_route_diploid_search/genome.rs:2306:8
     |
2306 | pub fn profile_classes(alleles: &[GenomeAllele]) -> Vec<Vec<usize>> {
     |        ^^^^^^^^^^^^^^^

warning: function `class_for_alleles` is never used
    --> examples/panel_route_diploid_search/genome.rs:2317:4
     |
2317 | fn class_for_alleles(alleles: &[GenomeAllele]) -> (Vec<Profile>, Vec<usize>) {
     |    ^^^^^^^^^^^^^^^^^

warning: function `class_for_profiles` is never used
    --> examples/panel_route_diploid_search/genome.rs:2326:4
     |
2326 | fn class_for_profiles(physical: &[Profile]) -> (Vec<Profile>, Vec<usize>) {
     |    ^^^^^^^^^^^^^^^^^^

warning: function `spans_feasible` is never used
    --> examples/panel_route_diploid_search/genome.rs:2345:4
     |
2345 | fn spans_feasible(ranges: &[SourceRange]) -> bool {
     |    ^^^^^^^^^^^^^^

warning: function `key_hash` is never used
    --> examples/panel_route_diploid_search/genome.rs:2359:4
     |
2359 | fn key_hash(key: &FeatureKey, seed: u64) -> u64 {
     |    ^^^^^^^^

warning: function `observe_incidence` is never used
    --> examples/panel_route_diploid_search/genome.rs:2370:4
     |
2370 | fn observe_incidence(
     |    ^^^^^^^^^^^^^^^^^

warning: function `incidence_table` is never used
    --> examples/panel_route_diploid_search/genome.rs:2399:8
     |
2399 | pub fn incidence_table(
     |        ^^^^^^^^^^^^^^^

warning: multiple associated items are never used
    --> examples/panel_route_diploid_search/genome.rs:2426:12
     |
2425 | impl IncidenceTable {
     | ------------------- associated items in this implementation
2426 |     pub fn empty() -> Self {
     |            ^^^^^
...
2433 |     pub fn observe_interior(&mut self, locus: usize, profile: &Profile) {
     |            ^^^^^^^^^^^^^^^^
...
2439 |     pub fn observe_boundary(&mut self, boundary: usize, profile: &Profile) {
     |            ^^^^^^^^^^^^^^^^
...
2451 |     fn classify(&self, key: &FeatureKey) -> LocalClass {
     |        ^^^^^^^^
...
2466 |     pub fn len(&self) -> usize {
     |            ^^^
...
2469 |     pub fn classification_label(&self, key: &FeatureKey) -> String {
     |            ^^^^^^^^^^^^^^^^^^^^
...
2477 |     pub fn deferred(&self) -> usize {
     |            ^^^^^^^^

warning: struct `CountCache` is never constructed
    --> examples/panel_route_diploid_search/genome.rs:2491:8
     |
2491 | struct CountCache<'a> {
     |        ^^^^^^^^^^

warning: method `get` is never used
    --> examples/panel_route_diploid_search/genome.rs:2500:8
     |
2499 | impl CountCache<'_> {
     | ------------------- method in this implementation
2500 |     fn get(&mut self, key: &FeatureKey) -> io::Result<u64> {
     |        ^^^

warning: type alias `PreparedProfile` is never used
    --> examples/panel_route_diploid_search/genome.rs:2527:6
     |
2527 | type PreparedProfile = Vec<(FeatureKey, u64, u64)>;
     |      ^^^^^^^^^^^^^^^

warning: function `prepare_profile` is never used
    --> examples/panel_route_diploid_search/genome.rs:2529:4
     |
2529 | fn prepare_profile(
     |    ^^^^^^^^^^^^^^^

warning: function `score_prepared_pair` is never used
    --> examples/panel_route_diploid_search/genome.rs:2542:4
     |
2542 | fn score_prepared_pair(
     |    ^^^^^^^^^^^^^^^^^^^

warning: function `prepared_pair_totals` is never used
    --> examples/panel_route_diploid_search/genome.rs:2586:4
     |
2586 | fn prepared_pair_totals(
     |    ^^^^^^^^^^^^^^^^^^^^

warning: function `score_local_pair` is never used
    --> examples/panel_route_diploid_search/genome.rs:2634:4
     |
2634 | fn score_local_pair(
     |    ^^^^^^^^^^^^^^^^

warning: function `merged_profile` is never used
    --> examples/panel_route_diploid_search/genome.rs:2672:4
     |
2672 | fn merged_profile(parts: &[&Profile]) -> io::Result<Profile> {
     |    ^^^^^^^^^^^^^^

warning: function `score_complete_profile` is never used
    --> examples/panel_route_diploid_search/genome.rs:2685:4
     |
2685 | fn score_complete_profile(
     |    ^^^^^^^^^^^^^^^^^^^^^^

warning: struct `PersistentCountMap` is never constructed
    --> examples/panel_route_diploid_search/genome.rs:2704:8
     |
2704 | struct PersistentCountMap {
     |        ^^^^^^^^^^^^^^^^^^

warning: struct `CountNode` is never constructed
    --> examples/panel_route_diploid_search/genome.rs:2709:8
     |
2709 | struct CountNode {
     |        ^^^^^^^^^

warning: enum `CountSlot` is never used
    --> examples/panel_route_diploid_search/genome.rs:2715:6
     |
2715 | enum CountSlot {
     |      ^^^^^^^^^

warning: constant `COUNT_CHUNK_BITS` is never used
    --> examples/panel_route_diploid_search/genome.rs:2720:7
     |
2720 | const COUNT_CHUNK_BITS: usize = 5;
     |       ^^^^^^^^^^^^^^^^

warning: constant `COUNT_FANOUT` is never used
    --> examples/panel_route_diploid_search/genome.rs:2721:7
     |
2721 | const COUNT_FANOUT: usize = 32;
     |       ^^^^^^^^^^^^

warning: function `count_chunk` is never used
    --> examples/panel_route_diploid_search/genome.rs:2723:4
     |
2723 | fn count_chunk(fid: u32, depth: usize) -> u32 {
     |    ^^^^^^^^^^^

warning: multiple associated items are never used
    --> examples/panel_route_diploid_search/genome.rs:2728:8
     |
2727 | impl PersistentCountMap {
     | ----------------------- associated items in this implementation
2728 |     fn get(&self, fid: u32) -> u64 {
     |        ^^^
...
2750 |     fn from_sorted(entries: &[(u32, u64)]) -> Self {
     |        ^^^^^^^^^^^
...
2756 |     fn build_node(entries: &[(u32, u64)], depth: usize) -> Arc<CountNode> {
     |        ^^^^^^^^^^
...
2786 |     fn apply_delta(&self, delta: &[(u32, u64)]) -> io::Result<Self> {
     |        ^^^^^^^^^^^
...
2792 |     fn apply_root(
     |        ^^^^^^^^^^
...
2868 |     fn iter(&self) -> CountMapIter<'_> {
     |        ^^^^
...
2879 |     fn len(&self) -> usize {
     |        ^^^

warning: struct `CountMapIter` is never constructed
    --> examples/panel_route_diploid_search/genome.rs:2893:8
     |
2893 | struct CountMapIter<'a> {
     |        ^^^^^^^^^^^^

warning: struct `PersistentProfile` is never constructed
    --> examples/panel_route_diploid_search/genome.rs:2921:8
     |
2921 | struct PersistentProfile {
     |        ^^^^^^^^^^^^^^^^^

warning: methods `cumulative_pairs` and `cumulative_equal` are never used
    --> examples/panel_route_diploid_search/genome.rs:2942:8
     |
2934 | impl PersistentProfile {
     | ---------------------- methods in this implementation
...
2942 |     fn cumulative_pairs(&self) -> CumulativePairs<'_> {
     |        ^^^^^^^^^^^^^^^^
...
2961 |     fn cumulative_equal(&self, other: &PersistentProfile) -> bool {
     |        ^^^^^^^^^^^^^^^^

warning: struct `CumulativePairs` is never constructed
    --> examples/panel_route_diploid_search/genome.rs:2977:8
     |
2977 | struct CumulativePairs<'a> {
     |        ^^^^^^^^^^^^^^^

warning: static `DP_STAGE_NANOS` is never used
    --> examples/panel_route_diploid_search/genome.rs:3015:8
     |
3015 | static DP_STAGE_NANOS: [std::sync::atomic::AtomicU64; 13] = [
     |        ^^^^^^^^^^^^^^

warning: static `DP_STAGE_PASSES` is never used
    --> examples/panel_route_diploid_search/genome.rs:3030:8
     |
3030 | static DP_STAGE_PASSES: std::sync::atomic::AtomicU64 = std::sync::atomic::AtomicU64::new(0);
     |        ^^^^^^^^^^^^^^^

warning: struct `DpStageProbe` is never constructed
    --> examples/panel_route_diploid_search/genome.rs:3032:12
     |
3032 | pub struct DpStageProbe;
     |            ^^^^^^^^^^^^

warning: associated functions `add`, `note_pass`, and `snapshot` are never used
    --> examples/panel_route_diploid_search/genome.rs:3035:8
     |
3034 | impl DpStageProbe {
     | ----------------- associated functions in this implementation
3035 |     fn add(slot: usize, started: Instant) {
     |        ^^^
...
3042 |     fn note_pass() {
     |        ^^^^^^^^^
...
3051 |     pub fn snapshot() -> (Vec<f64>, u64) {
     |            ^^^^^^^^

warning: struct `DpProbe` is never constructed
    --> examples/panel_route_diploid_search/genome.rs:3065:8
     |
3065 | struct DpProbe;
     |        ^^^^^^^

warning: associated functions `on`, `counter`, `snapshot`, and `print_delta` are never used
    --> examples/panel_route_diploid_search/genome.rs:3068:8
     |
3067 | impl DpProbe {
     | ------------ associated functions in this implementation
3068 |     fn on() -> bool {
     |        ^^
...
3073 |     fn counter() -> &'static [std::sync::atomic::AtomicU64; 9] {
     |        ^^^^^^^
...
3089 |     fn snapshot() -> [u64; 9] {
     |        ^^^^^^^^
...
3105 |     fn print_delta(stage: &str, before: &[u64; 9]) {
     |        ^^^^^^^^^^^

warning: struct `FeatureUniverse` is never constructed
    --> examples/panel_route_diploid_search/genome.rs:3129:8
     |
3129 | struct FeatureUniverse {
     |        ^^^^^^^^^^^^^^^

warning: associated items `build`, `id`, and `fingerprint_value` are never used
    --> examples/panel_route_diploid_search/genome.rs:3143:8
     |
3142 | impl FeatureUniverse {
     | -------------------- associated items in this implementation
3143 |     fn build(
     |        ^^^^^
...
3194 |     fn id(&self, feature: &FeatureKey) -> io::Result<u32> {
     |        ^^
...
3204 |     fn fingerprint_value(&self, fid: u32, value: u64) -> u64 {
     |        ^^^^^^^^^^^^^^^^^

warning: type alias `ConvertedProfile` is never used
    --> examples/panel_route_diploid_search/genome.rs:3211:6
     |
3211 | type ConvertedProfile = Vec<(u32, u64)>;
     |      ^^^^^^^^^^^^^^^^

warning: function `convert_profile` is never used
    --> examples/panel_route_diploid_search/genome.rs:3213:4
     |
3213 | fn convert_profile(
     |    ^^^^^^^^^^^^^^^

warning: function `convert_signature` is never used
    --> examples/panel_route_diploid_search/genome.rs:3225:4
     |
3225 | fn convert_signature(
     |    ^^^^^^^^^^^^^^^^^

warning: function `empty_component` is never used
    --> examples/panel_route_diploid_search/genome.rs:3237:4
     |
3237 | fn empty_component() -> Arc<ConvertedProfile> {
     |    ^^^^^^^^^^^^^^^

warning: struct `ComponentMerge` is never constructed
    --> examples/panel_route_diploid_search/genome.rs:3245:8
     |
3245 | struct ComponentMerge<'a> {
     |        ^^^^^^^^^^^^^^

warning: associated items `new`, `next`, and `next_tagged` are never used
    --> examples/panel_route_diploid_search/genome.rs:3251:8
     |
3250 | impl<'a> ComponentMerge<'a> {
     | --------------------------- associated items in this implementation
3251 |     fn new(components: &'a [Arc<ConvertedProfile>; 4]) -> Self {
     |        ^^^
...
3263 |     fn next(&mut self) -> io::Result<Option<(u32, u64)>> {
     |        ^^^^
...
3296 |     fn next_tagged(&mut self) -> io::Result<Option<(u32, u64, Option<(usize, usize)>)>> {
     |        ^^^^^^^^^^^

warning: function `feature_potential` is never used
    --> examples/panel_route_diploid_search/genome.rs:3338:4
     |
3338 | fn feature_potential(
     |    ^^^^^^^^^^^^^^^^^

warning: function `profile_value_fingerprint` is never used
    --> examples/panel_route_diploid_search/genome.rs:3371:4
     |
3371 | fn profile_value_fingerprint(feature: &FeatureKey, value: u64) -> u64 {
     |    ^^^^^^^^^^^^^^^^^^^^^^^^^

warning: struct `PairFreshConstants` is never constructed
    --> examples/panel_route_diploid_search/genome.rs:3391:8
     |
3391 | struct PairFreshConstants {
     |        ^^^^^^^^^^^^^^^^^^

warning: struct `PersistentProfileInterner` is never constructed
    --> examples/panel_route_diploid_search/genome.rs:3398:8
     |
3398 | struct PersistentProfileInterner {
     |        ^^^^^^^^^^^^^^^^^^^^^^^^^

warning: methods `clear_search_indexes`, `component_terms`, and `extend` are never used
    --> examples/panel_route_diploid_search/genome.rs:3416:8
     |
3415 | impl PersistentProfileInterner {
     | ------------------------------ methods in this implementation
3416 |     fn clear_search_indexes(&mut self) {
     |        ^^^^^^^^^^^^^^^^^^^^
...
3422 |     fn component_terms(
     |        ^^^^^^^^^^^^^^^
...
3442 |     fn extend(
     |        ^^^^^^

warning: function `exit_memberships` is never used
    --> examples/panel_route_diploid_search/genome.rs:3635:4
     |
3635 | fn exit_memberships(
     |    ^^^^^^^^^^^^^^^^

warning: function `audit_chain` is never used
    --> examples/panel_route_diploid_search/genome.rs:3670:8
     |
3670 | pub fn audit_chain(
     |        ^^^^^^^^^^^

warning: struct `PhysicalNode` is never constructed
    --> examples/panel_route_diploid_search/genome.rs:3720:8
     |
3720 | struct PhysicalNode {
     |        ^^^^^^^^^^^^

warning: function `cumulative_profile_bytes` is never used
    --> examples/panel_route_diploid_search/genome.rs:3726:4
     |
3726 | fn cumulative_profile_bytes(profiles: &BTreeMap<usize, Arc<PersistentProfile>>) -> u64 {
     |    ^^^^^^^^^^^^^^^^^^^^^^^^

warning: function `physical_state_bytes` is never used
    --> examples/panel_route_diploid_search/genome.rs:3753:4
     |
3753 | fn physical_state_bytes(states: usize, nodes: &[PhysicalNode]) -> u64 {
     |    ^^^^^^^^^^^^^^^^^^^^

warning: function `backtrack_physical` is never used
    --> examples/panel_route_diploid_search/genome.rs:3765:4
     |
3765 | fn backtrack_physical(
     |    ^^^^^^^^^^^^^^^^^^

warning: struct `BeamKey` is never constructed
    --> examples/panel_route_diploid_search/genome.rs:3792:8
     |
3792 | struct BeamKey {
     |        ^^^^^^^

warning: struct `BeamCandidate` is never constructed
    --> examples/panel_route_diploid_search/genome.rs:3798:8
     |
3798 | struct BeamCandidate {
     |        ^^^^^^^^^^^^^

warning: struct `ScoreKey` is never constructed
    --> examples/panel_route_diploid_search/genome.rs:3806:8
     |
3806 | struct ScoreKey(f64);
     |        ^^^^^^^^

warning: function `tie_fingerprint` is never used
    --> examples/panel_route_diploid_search/genome.rs:3827:4
     |
3827 | fn tie_fingerprint(rotation: u64, key: &BeamKey) -> u64 {
     |    ^^^^^^^^^^^^^^^

warning: function `cmp_ranked` is never used
    --> examples/panel_route_diploid_search/genome.rs:3844:4
     |
3844 | fn cmp_ranked(rotation: u64, left: &BeamKey, right: &BeamKey) -> std::cmp::Ordering {
     |    ^^^^^^^^^^

warning: struct `RankKey` is never constructed
    --> examples/panel_route_diploid_search/genome.rs:3858:8
     |
3858 | struct RankKey {
     |        ^^^^^^^

warning: struct `BoundedSuccessors` is never constructed
    --> examples/panel_route_diploid_search/genome.rs:3880:8
     |
3880 | struct BoundedSuccessors {
     |        ^^^^^^^^^^^^^^^^^

warning: associated items `new`, `cutoff`, `refresh_cutoff`, `record_drop`, `record_bulk_drop`, and `insert` are never used
    --> examples/panel_route_diploid_search/genome.rs:3890:8
     |
3889 | impl BoundedSuccessors {
     | ---------------------- associated items in this implementation
3890 |     fn new(limit: usize, rotation: u64) -> Self {
     |        ^^^
...
3901 |     fn cutoff(&self) -> Option<f64> {
     |        ^^^^^^
...
3905 |     fn refresh_cutoff(&mut self, previous: Option<f64>) {
     |        ^^^^^^^^^^^^^^
...
3914 |     fn record_drop(&mut self, score: f64) {
     |        ^^^^^^^^^^^
...
3925 |     fn record_bulk_drop(&mut self, score: f64, count: u64) {
     |        ^^^^^^^^^^^^^^^^
...
3936 |     fn insert(
     |        ^^^^^^

warning: function `conflict_copy_eligible` is never used
    --> examples/panel_route_diploid_search/genome.rs:4030:4
     |
4030 | fn conflict_copy_eligible(
     |    ^^^^^^^^^^^^^^^^^^^^^^

warning: function `conflict_eligible` is never used
    --> examples/panel_route_diploid_search/genome.rs:4058:4
     |
4058 | fn conflict_eligible(
     |    ^^^^^^^^^^^^^^^^^

warning: function `conflict_eligible_members` is never used
    --> examples/panel_route_diploid_search/genome.rs:4073:4
     |
4073 | fn conflict_eligible_members(
     |    ^^^^^^^^^^^^^^^^^^^^^^^^^

warning: function `prune_beam` is never used
    --> examples/panel_route_diploid_search/genome.rs:4114:4
     |
4114 | fn prune_beam(
     |    ^^^^^^^^^^

warning: function `completion_viability` is never used
    --> examples/panel_route_diploid_search/genome.rs:4141:4
     |
4141 | fn completion_viability(
     |    ^^^^^^^^^^^^^^^^^^^^

warning: function `chain_resident_bytes` is never used
    --> examples/panel_route_diploid_search/genome.rs:4160:4
     |
4160 | fn chain_resident_bytes() -> io::Result<u64> {
     |    ^^^^^^^^^^^^^^^^^^^^

warning: function `enforce_chain_rss` is never used
    --> examples/panel_route_diploid_search/genome.rs:4242:4
     |
4242 | fn enforce_chain_rss(budget: Option<u64>, stage: &str) -> io::Result<()> {
     |    ^^^^^^^^^^^^^^^^^

warning: type alias `SuccessorClass` is never used
    --> examples/panel_route_diploid_search/genome.rs:4255:6
     |
4255 | type SuccessorClass = (usize, Vec<(FeatureKey, u64)>);
     |      ^^^^^^^^^^^^^^

warning: type alias `LocusSuccessors` is never used
    --> examples/panel_route_diploid_search/genome.rs:4256:6
     |
4256 | type LocusSuccessors = (
     |      ^^^^^^^^^^^^^^^

warning: struct `SharedLocusMachinery` is never constructed
    --> examples/panel_route_diploid_search/genome.rs:4267:8
     |
4267 | struct SharedLocusMachinery {
     |        ^^^^^^^^^^^^^^^^^^^^

warning: function `compute_pair_fresh_constants` is never used
    --> examples/panel_route_diploid_search/genome.rs:4284:4
     |
4284 | fn compute_pair_fresh_constants(
     |    ^^^^^^^^^^^^^^^^^^^^^^^^^^^^

warning: function `pair_fresh_constants` is never used
    --> examples/panel_route_diploid_search/genome.rs:4311:4
     |
4311 | fn pair_fresh_constants(
     |    ^^^^^^^^^^^^^^^^^^^^

warning: function `build_locus_successors` is never used
    --> examples/panel_route_diploid_search/genome.rs:4341:4
     |
4341 | fn build_locus_successors(
     |    ^^^^^^^^^^^^^^^^^^^^^^

warning: function `locus_weight_tables` is never used
    --> examples/panel_route_diploid_search/genome.rs:4384:4
     |
4384 | fn locus_weight_tables(
     |    ^^^^^^^^^^^^^^^^^^^

warning: function `locus_max_additions` is never used
    --> examples/panel_route_diploid_search/genome.rs:4421:4
     |
4421 | fn locus_max_additions(
     |    ^^^^^^^^^^^^^^^^^^^

warning: function `fresh_potentials` is never used
    --> examples/panel_route_diploid_search/genome.rs:4461:4
     |
4461 | fn fresh_potentials(
     |    ^^^^^^^^^^^^^^^^

warning: constant `BOUND_PRUNE_EPSILON` is never used
    --> examples/panel_route_diploid_search/genome.rs:4496:7
     |
4496 | const BOUND_PRUNE_EPSILON: f64 = 1e-6;
     |       ^^^^^^^^^^^^^^^^^^^

warning: function `bounded_conflict_chain` is never used
    --> examples/panel_route_diploid_search/genome.rs:4498:4
     |
4498 | fn bounded_conflict_chain(
     |    ^^^^^^^^^^^^^^^^^^^^^^

warning: function `bounded_chain_rotations` is never used
    --> examples/panel_route_diploid_search/genome.rs:5564:4
     |
5564 | fn bounded_chain_rotations(
     |    ^^^^^^^^^^^^^^^^^^^^^^^

warning: function `exact_chain_streaming` is never used
    --> examples/panel_route_diploid_search/genome.rs:5720:8
     |
5720 | pub fn exact_chain_streaming<F>(
     |        ^^^^^^^^^^^^^^^^^^^^^

warning: function `exact_chain_streaming_with_audit` is never used
    --> examples/panel_route_diploid_search/genome.rs:5761:8
     |
5761 | pub fn exact_chain_streaming_with_audit<F>(
     |        ^^^^^^^^^^^^^^^^^^^^^^^^^^^^^^^^

warning: function `exact_chain` is never used
    --> examples/panel_route_diploid_search/genome.rs:6148:8
     |
6148 | pub fn exact_chain(
     |        ^^^^^^^^^^^

warning: function `coalesced_route` is never used
    --> examples/panel_route_diploid_search/genome.rs:6321:8
     |
6321 | pub fn coalesced_route(ranges: &[SourceRange]) -> io::Result<routes::Route> {
     |        ^^^^^^^^^^^^^^^

warning: struct `Allele` is never constructed
  --> examples/panel_route_diploid_search/partition.rs:34:12
   |
34 | pub struct Allele {
   |            ^^^^^^

warning: struct `Seam` is never constructed
  --> examples/panel_route_diploid_search/partition.rs:41:12
   |
41 | pub struct Seam {
   |            ^^^^

warning: enum `FeatureClass` is never used
  --> examples/panel_route_diploid_search/partition.rs:48:10
   |
48 | pub enum FeatureClass {
   |          ^^^^^^^^^^^^

warning: struct `UniverseEntry` is never constructed
  --> examples/panel_route_diploid_search/partition.rs:55:12
   |
55 | pub struct UniverseEntry {
   |            ^^^^^^^^^^^^^

warning: struct `Universe` is never constructed
  --> examples/panel_route_diploid_search/partition.rs:62:12
   |
62 | pub struct Universe {
   |            ^^^^^^^^

warning: struct `FeatureSpectrumBin` is never constructed
  --> examples/panel_route_diploid_search/partition.rs:67:12
   |
67 | pub struct FeatureSpectrumBin {
   |            ^^^^^^^^^^^^^^^^^^

warning: function `catalog_ranges` is never used
  --> examples/panel_route_diploid_search/partition.rs:80:8
   |
80 | pub fn catalog_ranges(catalog: &catalog::Catalog) -> io::Result<Vec<Vec<SourceRange>>> {
   |        ^^^^^^^^^^^^^^

warning: function `add_record_subwalks` is never used
   --> examples/panel_route_diploid_search/partition.rs:146:8
    |
146 | pub fn add_record_subwalks(
    |        ^^^^^^^^^^^^^^^^^^^

warning: function `profile_read` is never used
   --> examples/panel_route_diploid_search/partition.rs:179:8
    |
179 | pub fn profile_read(panel: &SyngIndex, read: &[u8], max_features: usize) -> io::Result<Profile> {
    |        ^^^^^^^^^^^^

warning: function `merge` is never used
   --> examples/panel_route_diploid_search/partition.rs:188:4
    |
188 | fn merge(target: &mut Profile, source: &Profile, max_features: usize) -> io::Result<()> {
    |    ^^^^^

warning: function `profile_interior` is never used
   --> examples/panel_route_diploid_search/partition.rs:196:8
    |
196 | pub fn profile_interior(
    |        ^^^^^^^^^^^^^^^^

warning: function `profile_seam` is never used
   --> examples/panel_route_diploid_search/partition.rs:219:8
    |
219 | pub fn profile_seam(
    |        ^^^^^^^^^^^^

warning: function `allele` is never used
   --> examples/panel_route_diploid_search/partition.rs:250:8
    |
250 | pub fn allele(
    |        ^^^^^^

warning: function `catalog_alleles` is never used
   --> examples/panel_route_diploid_search/partition.rs:274:8
    |
274 | pub fn catalog_alleles(
    |        ^^^^^^^^^^^^^^^

warning: function `seams_from_public_links` is never used
   --> examples/panel_route_diploid_search/partition.rs:295:8
    |
295 | pub fn seams_from_public_links(
    |        ^^^^^^^^^^^^^^^^^^^^^^^

warning: function `seam` is never used
   --> examples/panel_route_diploid_search/partition.rs:343:8
    |
343 | pub fn seam(
    |        ^^^^

warning: function `universe` is never used
   --> examples/panel_route_diploid_search/partition.rs:370:8
    |
370 | pub fn universe(
    |        ^^^^^^^^

warning: function `feature_spectrum` is never used
   --> examples/panel_route_diploid_search/partition.rs:445:8
    |
445 | pub fn feature_spectrum(
    |        ^^^^^^^^^^^^^^^^

warning: function `sum_profiles` is never used
   --> examples/panel_route_diploid_search/partition.rs:495:8
    |
495 | pub fn sum_profiles<'a>(
    |        ^^^^^^^^^^^^

warning: function `score_where` is never used
   --> examples/panel_route_diploid_search/partition.rs:547:4
    |
547 | fn score_where(
    |    ^^^^^^^^^^^

warning: function `score_pair` is never used
   --> examples/panel_route_diploid_search/partition.rs:573:8
    |
573 | pub fn score_pair(
    |        ^^^^^^^^^^

warning: struct `Diplotype` is never constructed
   --> examples/panel_route_diploid_search/partition.rs:583:12
    |
583 | pub struct Diplotype {
    |            ^^^^^^^^^

warning: function `local_diplotypes` is never used
   --> examples/panel_route_diploid_search/partition.rs:588:8
    |
588 | pub fn local_diplotypes(
    |        ^^^^^^^^^^^^^^^^

warning: function `boundary_matchings` is never used
   --> examples/panel_route_diploid_search/partition.rs:619:8
    |
619 | pub fn boundary_matchings(
    |        ^^^^^^^^^^^^^^^^^^

warning: struct `Accounting` is never constructed
   --> examples/panel_route_diploid_search/partition.rs:665:12
    |
665 | pub struct Accounting {
    |            ^^^^^^^^^^

warning: associated items `charge`, `work`, `work_bounded`, `profile`, and `state` are never used
   --> examples/panel_route_diploid_search/partition.rs:677:8
    |
676 | impl Accounting {
    | --------------- associated items in this implementation
677 |     fn charge(value: &mut u64, amount: u64, cap: u64, reason: &str) -> io::Result<()> {
    |        ^^^^^^
...
683 |     fn work(&mut self, n: u64) -> io::Result<()> {
    |        ^^^^
...
686 |     fn work_bounded(&mut self, n: u64, max_work: u64) -> io::Result<()> {
    |        ^^^^^^^^^^^^
...
690 |     fn profile(&mut self, n: u64) -> io::Result<()> {
    |        ^^^^^^^
...
698 |     fn state(&mut self, n: u64) -> io::Result<()> {
    |        ^^^^^

warning: struct `Backpointer` is never constructed
   --> examples/panel_route_diploid_search/partition.rs:709:12
    |
709 | pub struct Backpointer {
    |            ^^^^^^^^^^^

warning: struct `ChainState` is never constructed
   --> examples/panel_route_diploid_search/partition.rs:716:12
    |
716 | pub struct ChainState {
    |            ^^^^^^^^^^

warning: struct `ChainSearch` is never constructed
   --> examples/panel_route_diploid_search/partition.rs:724:12
    |
724 | pub struct ChainSearch {
    |            ^^^^^^^^^^^

warning: function `logical_state_bytes` is never used
   --> examples/panel_route_diploid_search/partition.rs:731:4
    |
731 | fn logical_state_bytes(partitions: usize) -> u64 {
    |    ^^^^^^^^^^^^^^^^^^^

warning: function `class_terms` is never used
   --> examples/panel_route_diploid_search/partition.rs:737:4
    |
737 | fn class_terms(universe: &Universe, class: &FeatureClass) -> u64 {
    |    ^^^^^^^^^^^

warning: function `chain_diplotypes` is never used
   --> examples/panel_route_diploid_search/partition.rs:748:8
    |
748 | pub fn chain_diplotypes(
    |        ^^^^^^^^^^^^^^^^

warning: function `chain_diplotypes_bounded` is never used
   --> examples/panel_route_diploid_search/partition.rs:757:8
    |
757 | pub fn chain_diplotypes_bounded(
    |        ^^^^^^^^^^^^^^^^^^^^^^^^

warning: struct `ChainedCandidate` is never constructed
   --> examples/panel_route_diploid_search/partition.rs:990:12
    |
990 | pub struct ChainedCandidate {
    |            ^^^^^^^^^^^^^^^^

warning: function `rescore_chained` is never used
   --> examples/panel_route_diploid_search/partition.rs:995:8
    |
995 | pub fn rescore_chained(
    |        ^^^^^^^^^^^^^^^

warning: function `reconstruct_sequence` is never used
    --> examples/panel_route_diploid_search/partition.rs:1082:8
     |
1082 | pub fn reconstruct_sequence(chain: &[&Allele]) -> Vec<u8> {
     |        ^^^^^^^^^^^^^^^^^^^^

warning: function `reconstruct_route` is never used
    --> examples/panel_route_diploid_search/partition.rs:1089:8
     |
1089 | pub fn reconstruct_route(chain: &[&Allele]) -> routes::Route {
     |        ^^^^^^^^^^^^^^^^^

warning: function `reconstruct_assignment` is never used
    --> examples/panel_route_diploid_search/partition.rs:1105:8
     |
1105 | pub fn reconstruct_assignment(
     |        ^^^^^^^^^^^^^^^^^^^^^^

warning: function `profile_complete_sequence` is never used
    --> examples/panel_route_diploid_search/partition.rs:1159:8
     |
1159 | pub fn profile_complete_sequence(
     |        ^^^^^^^^^^^^^^^^^^^^^^^^^

warning: struct `Haplotype` is never constructed
    --> examples/panel_route_diploid_search/partition.rs:1169:12
     |
1169 | pub struct Haplotype {
     |            ^^^^^^^^^

warning: function `source_spans_feasible` is never used
    --> examples/panel_route_diploid_search/partition.rs:1177:4
     |
1177 | fn source_spans_feasible(ranges: &[SourceRange]) -> bool {
     |    ^^^^^^^^^^^^^^^^^^^^^

warning: function `enumerate_haplotypes_assessment_oracle` is never used
    --> examples/panel_route_diploid_search/partition.rs:1191:8
     |
1191 | pub fn enumerate_haplotypes_assessment_oracle(
     |        ^^^^^^^^^^^^^^^^^^^^^^^^^^^^^^^^^^^^^^

warning: struct `RankedPair` is never constructed
    --> examples/panel_route_diploid_search/partition.rs:1255:12
     |
1255 | pub struct RankedPair {
     |            ^^^^^^^^^^

warning: function `rank_pairs_assessment_oracle` is never used
    --> examples/panel_route_diploid_search/partition.rs:1260:8
     |
1260 | pub fn rank_pairs_assessment_oracle(
     |        ^^^^^^^^^^^^^^^^^^^^^^^^^^^^

warning: struct `Pair` is never constructed
 --> examples/panel_route_diploid_search/score.rs:5:12
  |
5 | pub struct Pair {
  |            ^^^^

warning: method `key` is never used
  --> examples/panel_route_diploid_search/score.rs:10:12
   |
 8 | impl Pair {
   | --------- method in this implementation
 9 |     /// A comparison key only: never reorder an immutable baseline's slots.
10 |     pub fn key(&self) -> Self {
   |            ^^^

warning: struct `Factor` is never constructed
  --> examples/panel_route_diploid_search/score.rs:17:12
   |
17 | pub struct Factor {
   |            ^^^^^^

warning: struct `Scored` is never constructed
  --> examples/panel_route_diploid_search/score.rs:25:12
   |
25 | pub struct Scored {
   |            ^^^^^^

warning: function `add` is never used
  --> examples/panel_route_diploid_search/score.rs:29:8
   |
29 | pub fn add(a: u64, b: u64) -> io::Result<u64> {
   |        ^^^

warning: function `loss` is never used
  --> examples/panel_route_diploid_search/score.rs:33:8
   |
33 | pub fn loss(q: u64, observed: u64, histogram: u64) -> io::Result<(f64, f64)> {
   |        ^^^^

warning: struct `Scorer` is never constructed
  --> examples/panel_route_diploid_search/score.rs:46:12
   |
46 | pub struct Scorer<'a, 'b> {
   |            ^^^^^^

warning: method `evaluate` is never used
  --> examples/panel_route_diploid_search/score.rs:56:12
   |
55 | impl Scorer<'_, '_> {
   | ------------------- method in this implementation
56 |     pub fn evaluate(&mut self, pair: &Pair, native: bool) -> io::Result<Scored> {
   |            ^^^^^^^^

warning: field `native_class_pair` is never read
   --> examples/panel_route_spine/mod.rs:478:16
    |
462 | pub(super) struct LocusSweep {
    |                   ---------- field in this struct
...
478 |     pub(super) native_class_pair: Option<[usize; 2]>,
    |                ^^^^^^^^^^^^^^^^^

warning: field `self_sum` is never read
   --> examples/panel_route_spine/phasing.rs:568:19
    |
566 | pub(in super) struct HaploidAlleleExon {
    |                      ----------------- field in this struct
567 |     pub(in super) self_list: Vec<u32>,
568 |     pub(in super) self_sum: f64,
    |                   ^^^^^^^^

warning: unused `Result` that must be used
   --> examples/panel_route_spine/mod.rs:902:17
    |
902 | /                 ensure(
903 | |                     !reverse,
904 | |                     "spine reference decomposition met a reverse piece (unsupported)"
905 | |                 );
    | |_________________^
    |
    = note: this `Result` may be an `Err` variant, which should be handled
    = note: `#[warn(unused_must_use)]` (part of `#[warn(unused)]`) on by default
help: use `let _ = ...` to ignore the resulting value
    |
902 |                 let _ = ensure(
    |                 +++++++

warning: unused `Result` that must be used
    --> examples/panel_route_spine/mod.rs:3838:5
     |
3838 |     ensure(incumbent.is_finite(), "nonfinite spine incumbent");
     |     ^^^^^^^^^^^^^^^^^^^^^^^^^^^^^^^^^^^^^^^^^^^^^^^^^^^^^^^^^^
     |
     = note: this `Result` may be an `Err` variant, which should be handled
help: use `let _ = ...` to ignore the resulting value
     |
3838 |     let _ = ensure(incumbent.is_finite(), "nonfinite spine incumbent");
     |     +++++++

warning: `impg` (example "panel_route_mem_routed") generated 244 warnings (run `cargo fix --example "panel_route_mem_routed" -p impg` to apply 30 suggestions)
    Finished `release` profile [optimized] target(s) in 29.80s
