warning: field `candidates_seen` is never read
   --> src/resolution.rs:857:5
    |
854 | struct CandidateFrontier {
    |        ----------------- field in this struct
...
857 |     candidates_seen: usize,
    |     ^^^^^^^^^^^^^^^
    |
    = note: `CandidateFrontier` has derived impls for the traits `Debug` and `Clone`, but these are intentionally ignored during dead code analysis
    = note: `#[warn(dead_code)]` (part of `#[warn(unused)]`) on by default

warning: field `at_round` is never read
   --> src/resolution.rs:879:16
    |
879 |     Resolved { at_round: usize },
    |     --------   ^^^^^^^^
    |     |
    |     field in this variant
    |
    = note: `BubbleState` has derived impls for the traits `Debug` and `Clone`, but these are intentionally ignored during dead code analysis

warning: field `at_round` is never read
   --> src/resolution.rs:880:14
    |
880 |     Failed { at_round: usize },
    |     ------   ^^^^^^^^
    |     |
    |     field in this variant
    |
    = note: `BubbleState` has derived impls for the traits `Debug` and `Clone`, but these are intentionally ignored during dead code analysis

warning: function `generate_multi_level_candidates` is never used
    --> src/resolution.rs:3397:4
     |
3397 | fn generate_multi_level_candidates(
     |    ^^^^^^^^^^^^^^^^^^^^^^^^^^^^^^^

warning: function `find_candidate_frontier` is never used
    --> src/resolution.rs:7171:4
     |
7171 | fn find_candidate_frontier(
     |    ^^^^^^^^^^^^^^^^^^^^^^^

warning: function `split_path_coordinate_suffix` is never used
     --> src/resolution.rs:10712:4
      |
10712 | fn split_path_coordinate_suffix(name: &str) -> Option<(&str, usize, usize)> {
      |    ^^^^^^^^^^^^^^^^^^^^^^^^^^^^

warning: `impg` (lib) generated 6 warnings
warning: variable does not need to be mutable
    --> examples/panel_route_diploid_search/genome.rs:1667:13
     |
1667 |         let mut mode;
     |             ----^^^^
     |             |
     |             help: remove this `mut`
     |
     = note: `#[warn(unused_mut)]` (part of `#[warn(unused)]`) on by default

warning: variable `evaluated_state_classes` is assigned to, but never used
    --> examples/panel_route_diploid_search/genome.rs:4796:13
     |
4796 |         let mut evaluated_state_classes = 0usize;
     |             ^^^^^^^^^^^^^^^^^^^^^^^^^^^
     |
     = note: consider using `_evaluated_state_classes` instead
     = note: `#[warn(unused_variables)]` (part of `#[warn(unused)]`) on by default

warning: value assigned to `evaluated_state_classes` is never read
    --> examples/panel_route_diploid_search/genome.rs:4952:17
     |
4952 |                 evaluated_state_classes += 1;
     |                 ^^^^^^^^^^^^^^^^^^^^^^^^^^^^
     |
     = help: maybe it is overwritten before being read?
     = note: `#[warn(unused_assignments)]` (part of `#[warn(unused)]`) on by default

warning: variable does not need to be mutable
    --> examples/panel_route_diploid_search/genome.rs:5632:5
     |
5632 |     mut load_profiles: F,
     |     ----^^^^^^^^^^^^^
     |     |
     |     help: remove this `mut`

warning: constant `JOINT_PROJECTION_WINDOW` is never used
  --> examples/panel_route_diploid_search/mod.rs:33:7
   |
33 | const JOINT_PROJECTION_WINDOW: u64 = 16;
   |       ^^^^^^^^^^^^^^^^^^^^^^^
   |
   = note: `#[warn(dead_code)]` (part of `#[warn(unused)]`) on by default

warning: function `line` is never used
  --> examples/panel_route_diploid_search/mod.rs:41:4
   |
41 | fn line(f: &mut File, v: &impl Serialize) -> io::Result<()> {
   |    ^^^^

warning: methods `validate` and `meter_options` are never used
   --> examples/panel_route_diploid_search/mod.rs:87:12
    |
 86 | impl Options {
    | ------------ methods in this implementation
 87 |     pub fn validate(&self) -> io::Result<()> {
    |            ^^^^^^^^
...
112 |     fn meter_options(&self) -> haploid::Options {
    |        ^^^^^^^^^^^^^

warning: method `has_intents` is never used
   --> examples/panel_route_diploid_search/mod.rs:153:8
    |
152 | impl Emission {
    | ------------- method in this implementation
153 |     fn has_intents(&self) -> bool {
    |        ^^^^^^^^^^^

warning: variants `Emission` and `Native` are never constructed
   --> examples/panel_route_diploid_search/mod.rs:166:5
    |
164 | enum Work {
    |      ---- variants in this enum
165 |     Geometry(PairedTask),
166 |     Emission(Emission),
    |     ^^^^^^^^
167 |     Native(NativeHead),
    |     ^^^^^^
    |
    = note: `Work` has a derived impl for the trait `Clone`, but this is intentionally ignored during dead code analysis

warning: method `class` is never used
   --> examples/panel_route_diploid_search/mod.rs:170:8
    |
169 | impl Work {
    | --------- method in this implementation
170 |     fn class(&self) -> usize {
    |        ^^^^^

warning: struct `Baseline` is never constructed
   --> examples/panel_route_diploid_search/mod.rs:209:8
    |
209 | struct Baseline {
    |        ^^^^^^^^

warning: struct `PairedChain` is never constructed
   --> examples/panel_route_diploid_search/mod.rs:222:8
    |
222 | struct PairedChain {
    |        ^^^^^^^^^^^

warning: struct `Receipt` is never constructed
   --> examples/panel_route_diploid_search/mod.rs:227:8
    |
227 | struct Receipt {
    |        ^^^^^^^

warning: struct `EmissionPlan` is never constructed
   --> examples/panel_route_diploid_search/mod.rs:231:8
    |
231 | struct EmissionPlan {
    |        ^^^^^^^^^^^^

warning: function `next_native` is never used
   --> examples/panel_route_diploid_search/mod.rs:236:4
    |
236 | fn next_native(pair: [usize; 2], families: usize, fixed: bool) -> Option<[usize; 2]> {
    |    ^^^^^^^^^^^

warning: function `expansion_eligible` is never used
   --> examples/panel_route_diploid_search/mod.rs:248:8
    |
248 | pub fn expansion_eligible(pair: &Pair, admitted: &[Pair]) -> bool {
    |        ^^^^^^^^^^^^^^^^^^

warning: function `route_slice` is never used
   --> examples/panel_route_diploid_search/mod.rs:252:4
    |
252 | fn route_slice(route: &routes::Route, from: u64, to: u64) -> io::Result<Vec<routes::Segment>> {
    |    ^^^^^^^^^^^

warning: function `segment_slice` is never used
   --> examples/panel_route_diploid_search/mod.rs:288:4
    |
288 | fn segment_slice(segment: &routes::Segment, from: u64, to: u64) -> io::Result<routes::Segment> {
    |    ^^^^^^^^^^^^^

warning: function `project_segment` is never used
   --> examples/panel_route_diploid_search/mod.rs:312:4
    |
312 | fn project_segment(
    |    ^^^^^^^^^^^^^^^

warning: struct `Engine` is never constructed
   --> examples/panel_route_diploid_search/mod.rs:355:8
    |
355 | struct Engine<'a, 'b> {
    |        ^^^^^^

warning: multiple methods are never used
    --> examples/panel_route_diploid_search/mod.rs:399:8
     |
 397 | impl Engine<'_, '_> {
     | ------------------- methods in this implementation
 398 |     /// One production dispatch, or finite retirement; errors preserve the current remainder.
 399 |     fn scheduler_step(&mut self) -> io::Result<bool> {
     |        ^^^^^^^^^^^^^^
...
 444 |     fn write_pending(&self) -> io::Result<()> {
     |        ^^^^^^^^^^^^^
...
 450 |     fn owned(&self) -> usize {
     |        ^^^^^
...
 453 |     fn account(&mut self, stage: &str) -> io::Result<()> {
     |        ^^^^^^^
...
 465 |     fn transfer(&mut self, work: Work) {
     |        ^^^^^^^^
...
 470 |     fn begin(&mut self, index: usize, grant: usize) -> io::Result<Work> {
     |        ^^^^^
...
 486 |     fn release_current(&mut self) -> io::Result<()> {
     |        ^^^^^^^^^^^^^^^
...
 496 |     fn geometry_grant(&self, t: &PairedTask) -> io::Result<usize> {
     |        ^^^^^^^^^^^^^^
...
 530 |     fn emission_plan(&mut self, p: &Emission) -> io::Result<EmissionPlan> {
     |        ^^^^^^^^^^^^^
...
 597 |     fn grant(&mut self, work: &Work) -> io::Result<usize> {
     |        ^^^^^
...
 618 |     fn ready(&mut self) -> io::Result<Option<(usize, usize, usize)>> {
     |        ^^^^^
...
 638 |     fn service_emission(&mut self, p: Emission, native: Option<NativeHead>) -> io::Result<()> {
     |        ^^^^^^^^^^^^^^^^
...
 690 |     fn dispatch(&mut self, work: Work) -> io::Result<()> {
     |        ^^^^^^^^
...
 723 |     fn score(&mut self, pair: &Pair, native: bool) -> io::Result<Scored> {
     |        ^^^^^
...
 736 |     fn eligible(&self, pair: &Pair) -> bool {
     |        ^^^^^^^^
...
 739 |     fn add_base(&mut self, scored: Scored, depth: u8, reason: &str) -> io::Result<()> {
     |        ^^^^^^^^
...
 786 |     fn completed_receipt(&mut self, s: &Scored) {
     |        ^^^^^^^^^^^^^^^^^
...
 796 |     fn remember(&mut self, s: &Scored) -> io::Result<bool> {
     |        ^^^^^^^^
...
 812 |     fn native(&mut self, families: [usize; 2]) -> io::Result<()> {
     |        ^^^^^^
...
 829 |     fn feedback(
     |        ^^^^^^^^
...
 903 |     fn confirm(&mut self, base: usize, copy: usize, p: continuation::Proposal) -> io::Result<()> {
     |        ^^^^^^^
...
1117 |     fn ordinary(&mut self, t: PairedTask) -> io::Result<()> {
     |        ^^^^^^^^
...
1157 |     fn admit_chains(&mut self) -> io::Result<()> {
     |        ^^^^^^^^^^^^
...
1179 |     fn chain(&mut self) -> io::Result<()> {
     |        ^^^^^

warning: function `run` is never used
    --> examples/panel_route_diploid_search/mod.rs:1235:8
     |
1235 | pub fn run(options: Options, fixed_family: Option<usize>) -> io::Result<Value> {
     |        ^^^

warning: constant `MAX_PROFILE_WORK` is never used
  --> examples/panel_route_diploid_search/genome.rs:30:11
   |
30 | pub const MAX_PROFILE_WORK: u64 = 600_000_000;
   |           ^^^^^^^^^^^^^^^^

warning: constant `MAX_STATE_BYTES` is never used
  --> examples/panel_route_diploid_search/genome.rs:31:11
   |
31 | pub const MAX_STATE_BYTES: u64 = 134_217_728;
   |           ^^^^^^^^^^^^^^^

warning: constant `MAX_COMPLETE_PAIRS` is never used
  --> examples/panel_route_diploid_search/genome.rs:33:11
   |
33 | pub const MAX_COMPLETE_PAIRS: usize = 2_048;
   |           ^^^^^^^^^^^^^^^^^^

warning: constant `CONFLICT_BEAM_WIDTH` is never used
  --> examples/panel_route_diploid_search/genome.rs:34:7
   |
34 | const CONFLICT_BEAM_WIDTH: usize = 128;
   |       ^^^^^^^^^^^^^^^^^^^

warning: struct `AxisFile` is never constructed
  --> examples/panel_route_diploid_search/genome.rs:38:12
   |
38 | pub struct AxisFile {
   |            ^^^^^^^^

warning: struct `AxisInterval` is never constructed
  --> examples/panel_route_diploid_search/genome.rs:46:12
   |
46 | pub struct AxisInterval {
   |            ^^^^^^^^^^^^

warning: function `load_axis` is never used
  --> examples/panel_route_diploid_search/genome.rs:56:8
   |
56 | pub fn load_axis(path: &Path) -> io::Result<AxisFile> {
   |        ^^^^^^^^^

warning: function `load_bed_axis_partitions` is never used
  --> examples/panel_route_diploid_search/genome.rs:89:8
   |
89 | pub fn load_bed_axis_partitions(
   |        ^^^^^^^^^^^^^^^^^^^^^^^^

warning: constant `MAX_COMPLETION_BRIDGE_BASES` is never used
   --> examples/panel_route_diploid_search/genome.rs:159:11
    |
159 | pub const MAX_COMPLETION_BRIDGE_BASES: u64 = 30_000;
    |           ^^^^^^^^^^^^^^^^^^^^^^^^^^^

warning: struct `WindowDomainExtension` is never constructed
   --> examples/panel_route_diploid_search/genome.rs:183:12
    |
183 | pub struct WindowDomainExtension {
    |            ^^^^^^^^^^^^^^^^^^^^^

warning: constant `WINDOW_DOMAIN_ADDED_OCCURRENCE_BASE` is never used
   --> examples/panel_route_diploid_search/genome.rs:211:7
    |
211 | const WINDOW_DOMAIN_ADDED_OCCURRENCE_BASE: usize = 100_000_000_000;
    |       ^^^^^^^^^^^^^^^^^^^^^^^^^^^^^^^^^^^

warning: function `build_window_domain_extension` is never used
   --> examples/panel_route_diploid_search/genome.rs:219:8
    |
219 | pub fn build_window_domain_extension(
    |        ^^^^^^^^^^^^^^^^^^^^^^^^^^^^^

warning: struct `DomainCompletionException` is never constructed
   --> examples/panel_route_diploid_search/genome.rs:402:12
    |
402 | pub struct DomainCompletionException {
    |            ^^^^^^^^^^^^^^^^^^^^^^^^^

warning: struct `DomainCompletionStats` is never constructed
   --> examples/panel_route_diploid_search/genome.rs:411:12
    |
411 | pub struct DomainCompletionStats {
    |            ^^^^^^^^^^^^^^^^^^^^^

warning: function `complete_forward_source_paths` is never used
   --> examples/panel_route_diploid_search/genome.rs:426:8
    |
426 | pub fn complete_forward_source_paths(
    |        ^^^^^^^^^^^^^^^^^^^^^^^^^^^^^

warning: struct `SpanningTraversal` is never constructed
   --> examples/panel_route_diploid_search/genome.rs:526:12
    |
526 | pub struct SpanningTraversal {
    |            ^^^^^^^^^^^^^^^^^

warning: associated items `single`, `entry`, and `exit` are never used
   --> examples/panel_route_diploid_search/genome.rs:533:12
    |
532 | impl SpanningTraversal {
    | ---------------------- associated items in this implementation
533 |     pub fn single(range: SourceRange) -> Self {
    |            ^^^^^^
...
543 |     fn entry(&self) -> &SourceRange {
    |        ^^^^^
...
546 |     fn exit(&self) -> &SourceRange {
    |        ^^^^

warning: function `retain_native_endpoint_candidates` is never used
   --> examples/panel_route_diploid_search/genome.rs:551:8
    |
551 | pub fn retain_native_endpoint_candidates(
    |        ^^^^^^^^^^^^^^^^^^^^^^^^^^^^^^^^^

warning: function `retain_native_endpoint_candidates_in_component_range` is never used
   --> examples/panel_route_diploid_search/genome.rs:568:8
    |
568 | pub fn retain_native_endpoint_candidates_in_component_range(
    |        ^^^^^^^^^^^^^^^^^^^^^^^^^^^^^^^^^^^^^^^^^^^^^^^^^^^^

warning: function `port_word_seams_with` is never used
   --> examples/panel_route_diploid_search/genome.rs:595:4
    |
595 | fn port_word_seams_with<F>(
    |    ^^^^^^^^^^^^^^^^^^^^

warning: function `port_word_seams` is never used
   --> examples/panel_route_diploid_search/genome.rs:663:8
    |
663 | pub fn port_word_seams(
    |        ^^^^^^^^^^^^^^^

warning: function `legal_split_cut_order` is never used
   --> examples/panel_route_diploid_search/genome.rs:684:4
    |
684 | fn legal_split_cut_order(
    |    ^^^^^^^^^^^^^^^^^^^^^

warning: function `split_candidates` is never used
   --> examples/panel_route_diploid_search/genome.rs:693:8
    |
693 | pub fn split_candidates(
    |        ^^^^^^^^^^^^^^^^

warning: struct `SplitPairPrefilterStats` is never constructed
   --> examples/panel_route_diploid_search/genome.rs:771:12
    |
771 | pub struct SplitPairPrefilterStats {
    |            ^^^^^^^^^^^^^^^^^^^^^^^

warning: struct `SplitPrefilterStats` is never constructed
   --> examples/panel_route_diploid_search/genome.rs:780:12
    |
780 | pub struct SplitPrefilterStats {
    |            ^^^^^^^^^^^^^^^^^^^

warning: function `split_candidates_prefiltered` is never used
   --> examples/panel_route_diploid_search/genome.rs:789:8
    |
789 | pub fn split_candidates_prefiltered<F, S>(
    |        ^^^^^^^^^^^^^^^^^^^^^^^^^^^^

warning: function `connected_path_subsample` is never used
   --> examples/panel_route_diploid_search/genome.rs:920:8
    |
920 | pub fn connected_path_subsample(
    |        ^^^^^^^^^^^^^^^^^^^^^^^^

warning: function `add_cost` is never used
   --> examples/panel_route_diploid_search/genome.rs:974:4
    |
974 | fn add_cost(a: &mut ProfileCost, b: ProfileCost) -> io::Result<()> {
    |    ^^^^^^^^

warning: function `event_profile_cost` is never used
    --> examples/panel_route_diploid_search/genome.rs:1025:8
     |
1025 | pub fn event_profile_cost(
     |        ^^^^^^^^^^^^^^^^^^

warning: struct `CacheRecord` is never constructed
    --> examples/panel_route_diploid_search/genome.rs:1120:8
     |
1120 | struct CacheRecord {
     |        ^^^^^^^^^^^

warning: struct `CacheSeal` is never constructed
    --> examples/panel_route_diploid_search/genome.rs:1128:8
     |
1128 | struct CacheSeal {
     |        ^^^^^^^^^

warning: function `dev_flag` is never used
    --> examples/panel_route_diploid_search/genome.rs:1141:4
     |
1141 | fn dev_flag(name: &str) -> bool {
     |    ^^^^^^^^

warning: function `fnv_update` is never used
    --> examples/panel_route_diploid_search/genome.rs:1145:4
     |
1145 | fn fnv_update(mut value: u64, bytes: &[u8]) -> u64 {
     |    ^^^^^^^^^^

warning: struct `CacheIndex` is never constructed
    --> examples/panel_route_diploid_search/genome.rs:1157:8
     |
1157 | struct CacheIndex {
     |        ^^^^^^^^^^

warning: struct `CacheHeader` is never constructed
    --> examples/panel_route_diploid_search/genome.rs:1163:8
     |
1163 | struct CacheHeader {
     |        ^^^^^^^^^^^

warning: struct `ProfileCache` is never constructed
    --> examples/panel_route_diploid_search/genome.rs:1167:12
     |
1167 | pub struct ProfileCache {
     |            ^^^^^^^^^^^^

warning: struct `RecordsSidecar` is never constructed
    --> examples/panel_route_diploid_search/genome.rs:1207:8
     |
1207 | struct RecordsSidecar {
     |        ^^^^^^^^^^^^^^

warning: struct `RecordSlot` is never constructed
    --> examples/panel_route_diploid_search/genome.rs:1216:8
     |
1216 | struct RecordSlot {
     |        ^^^^^^^^^^

warning: function `records_sidecar_path` is never used
    --> examples/panel_route_diploid_search/genome.rs:1222:4
     |
1222 | fn records_sidecar_path(path: &Path) -> PathBuf {
     |    ^^^^^^^^^^^^^^^^^^^^

warning: function `put_u32` is never used
    --> examples/panel_route_diploid_search/genome.rs:1226:4
     |
1226 | fn put_u32(out: &mut Vec<u8>, value: u32) {
     |    ^^^^^^^

warning: function `put_u64` is never used
    --> examples/panel_route_diploid_search/genome.rs:1230:4
     |
1230 | fn put_u64(out: &mut Vec<u8>, value: u64) {
     |    ^^^^^^^

warning: function `encode_record_binary` is never used
    --> examples/panel_route_diploid_search/genome.rs:1234:4
     |
1234 | fn encode_record_binary(record: &CacheRecord) -> Vec<u8> {
     |    ^^^^^^^^^^^^^^^^^^^^

warning: function `take_u32` is never used
    --> examples/panel_route_diploid_search/genome.rs:1251:4
     |
1251 | fn take_u32(payload: &[u8], cursor: &mut usize, what: &str) -> io::Result<u32> {
     |    ^^^^^^^^

warning: function `take_u64` is never used
    --> examples/panel_route_diploid_search/genome.rs:1261:4
     |
1261 | fn take_u64(payload: &[u8], cursor: &mut usize, what: &str) -> io::Result<u64> {
     |    ^^^^^^^^

warning: function `take_bytes` is never used
    --> examples/panel_route_diploid_search/genome.rs:1271:4
     |
1271 | fn take_bytes<'a>(payload: &'a [u8], cursor: &mut usize, len: usize, what: &str) -> io::Result<&'a [u8]> {
     |    ^^^^^^^^^^

warning: function `decode_record_binary` is never used
    --> examples/panel_route_diploid_search/genome.rs:1281:4
     |
1281 | fn decode_record_binary(payload: &[u8], key: &str) -> io::Result<CacheRecord> {
     |    ^^^^^^^^^^^^^^^^^^^^

warning: function `read_jsonl_record` is never used
    --> examples/panel_route_diploid_search/genome.rs:1314:4
     |
1314 | fn read_jsonl_record(path: &Path, index: CacheIndex, key: &str) -> io::Result<CacheRecord> {
     |    ^^^^^^^^^^^^^^^^^

warning: function `write_index_block` is never used
    --> examples/panel_route_diploid_search/genome.rs:1326:4
     |
1326 | fn write_index_block(
     |    ^^^^^^^^^^^^^^^^^

warning: associated items `find` and `load` are never used
    --> examples/panel_route_diploid_search/genome.rs:1349:8
     |
1347 | impl RecordsSidecar {
     | ------------------- associated items in this implementation
1348 |     /// Locate a record slot by its unique JSONL record offset.
1349 |     fn find(&self, jsonl_offset: u64) -> Option<RecordSlot> {
     |        ^^^^
...
1358 |     fn load(path: &Path) -> Option<(Vec<RecordSlot>, u64, u64)> {
     |        ^^^^

warning: struct `CacheSidecarSeal` is never constructed
    --> examples/panel_route_diploid_search/genome.rs:1408:8
     |
1408 | struct CacheSidecarSeal {
     |        ^^^^^^^^^^^^^^^^

warning: function `sidecar_path` is never used
    --> examples/panel_route_diploid_search/genome.rs:1414:4
     |
1414 | fn sidecar_path(path: &Path) -> PathBuf {
     |    ^^^^^^^^^^^^

warning: function `sidecar_seal_path` is never used
    --> examples/panel_route_diploid_search/genome.rs:1418:4
     |
1418 | fn sidecar_seal_path(path: &Path) -> PathBuf {
     |    ^^^^^^^^^^^^^^^^^

warning: multiple associated items are never used
    --> examples/panel_route_diploid_search/genome.rs:1423:12
     |
1422 | impl ProfileCache {
     | ----------------- associated items in this implementation
1423 |     pub fn open(path: &Path) -> io::Result<Self> {
     |            ^^^^
...
1435 |     pub fn open_filtered(path: &Path, retain: &dyn Fn(&str) -> bool) -> io::Result<Self> {
     |            ^^^^^^^^^^^^^
...
1439 |     pub fn retained_entries(&self) -> usize {
     |            ^^^^^^^^^^^^^^^^
...
1443 |     pub fn loaded_from_sidecar(&self) -> bool {
     |            ^^^^^^^^^^^^^^^^^^^
...
1447 |     fn open_inner(
     |        ^^^^^^^^^^
...
1458 |     pub fn open_filtered_guarded(
     |            ^^^^^^^^^^^^^^^^^^^^^
...
1466 |     fn open_guarded(
     |        ^^^^^^^^^^^^
...
1571 |     pub fn records_sidecar_report(&self) -> (bool, u64, &str, f64) {
     |            ^^^^^^^^^^^^^^^^^^^^^^
...
1585 |     fn load_sidecar(
     |        ^^^^^^^^^^^^
...
1657 |     fn sync_records_sidecar(
     |        ^^^^^^^^^^^^^^^^^^^^
...
1836 |     fn rebuild_sidecar(
     |        ^^^^^^^^^^^^^^^
...
1876 |     pub fn get_if_cached(&self, key: &str) -> io::Result<Option<(Profile, ProfileCost, u64)>> {
     |            ^^^^^^^^^^^^^
...
1889 |     fn read_indexed_record(
     |        ^^^^^^^^^^^^^^^^^^^
...
1913 |     pub fn get_or_insert_with(
     |            ^^^^^^^^^^^^^^^^^^

warning: struct `GenomeAllele` is never constructed
    --> examples/panel_route_diploid_search/genome.rs:1997:12
     |
1997 | pub struct GenomeAllele {
     |            ^^^^^^^^^^^^

warning: struct `GenomeSeam` is never constructed
    --> examples/panel_route_diploid_search/genome.rs:2003:12
     |
2003 | pub struct GenomeSeam {
     |            ^^^^^^^^^^

warning: function `intern_profile` is never used
    --> examples/panel_route_diploid_search/genome.rs:2009:8
     |
2009 | pub fn intern_profile(
     |        ^^^^^^^^^^^^^^

warning: struct `BoundaryCompositionStats` is never constructed
    --> examples/panel_route_diploid_search/genome.rs:2033:12
     |
2033 | pub struct BoundaryCompositionStats {
     |            ^^^^^^^^^^^^^^^^^^^^^^^^

warning: function `deduplicated_boundary_profiles` is never used
    --> examples/panel_route_diploid_search/genome.rs:2040:8
     |
2040 | pub fn deduplicated_boundary_profiles<F>(
     |        ^^^^^^^^^^^^^^^^^^^^^^^^^^^^^^

warning: enum `SeenAt` is never used
    --> examples/panel_route_diploid_search/genome.rs:2087:6
     |
2087 | enum SeenAt {
     |      ^^^^^^

warning: method `observe` is never used
    --> examples/panel_route_diploid_search/genome.rs:2094:8
     |
2093 | impl SeenAt {
     | ----------- method in this implementation
2094 |     fn observe(&mut self, at: usize) {
     |        ^^^^^^^

warning: struct `Incidence` is never constructed
    --> examples/panel_route_diploid_search/genome.rs:2104:8
     |
2104 | struct Incidence {
     |        ^^^^^^^^^

warning: struct `IncidenceTable` is never constructed
    --> examples/panel_route_diploid_search/genome.rs:2112:12
     |
2112 | pub struct IncidenceTable {
     |            ^^^^^^^^^^^^^^

warning: enum `LocalClass` is never used
    --> examples/panel_route_diploid_search/genome.rs:2118:6
     |
2118 | enum LocalClass {
     |      ^^^^^^^^^^

warning: struct `LocalPairEvidence` is never constructed
    --> examples/panel_route_diploid_search/genome.rs:2125:12
     |
2125 | pub struct LocalPairEvidence {
     |            ^^^^^^^^^^^^^^^^^

warning: struct `ChainAccounting` is never constructed
    --> examples/panel_route_diploid_search/genome.rs:2143:12
     |
2143 | pub struct ChainAccounting {
     |            ^^^^^^^^^^^^^^^

warning: struct `GenomeChain` is never constructed
    --> examples/panel_route_diploid_search/genome.rs:2179:12
     |
2179 | pub struct GenomeChain {
     |            ^^^^^^^^^^^

warning: struct `GenomeAudit` is never constructed
    --> examples/panel_route_diploid_search/genome.rs:2193:12
     |
2193 | pub struct GenomeAudit {
     |            ^^^^^^^^^^^

warning: function `profile_signature` is never used
    --> examples/panel_route_diploid_search/genome.rs:2199:4
     |
2199 | fn profile_signature(profile: &Profile) -> Vec<(FeatureKey, u64)> {
     |    ^^^^^^^^^^^^^^^^^

warning: function `profile_classes` is never used
    --> examples/panel_route_diploid_search/genome.rs:2206:8
     |
2206 | pub fn profile_classes(alleles: &[GenomeAllele]) -> Vec<Vec<usize>> {
     |        ^^^^^^^^^^^^^^^

warning: function `class_for_alleles` is never used
    --> examples/panel_route_diploid_search/genome.rs:2217:4
     |
2217 | fn class_for_alleles(alleles: &[GenomeAllele]) -> (Vec<Profile>, Vec<usize>) {
     |    ^^^^^^^^^^^^^^^^^

warning: function `class_for_profiles` is never used
    --> examples/panel_route_diploid_search/genome.rs:2226:4
     |
2226 | fn class_for_profiles(physical: &[Profile]) -> (Vec<Profile>, Vec<usize>) {
     |    ^^^^^^^^^^^^^^^^^^

warning: function `spans_feasible` is never used
    --> examples/panel_route_diploid_search/genome.rs:2245:4
     |
2245 | fn spans_feasible(ranges: &[SourceRange]) -> bool {
     |    ^^^^^^^^^^^^^^

warning: function `key_hash` is never used
    --> examples/panel_route_diploid_search/genome.rs:2259:4
     |
2259 | fn key_hash(key: &FeatureKey, seed: u64) -> u64 {
     |    ^^^^^^^^

warning: function `observe_incidence` is never used
    --> examples/panel_route_diploid_search/genome.rs:2270:4
     |
2270 | fn observe_incidence(
     |    ^^^^^^^^^^^^^^^^^

warning: function `incidence_table` is never used
    --> examples/panel_route_diploid_search/genome.rs:2299:8
     |
2299 | pub fn incidence_table(
     |        ^^^^^^^^^^^^^^^

warning: multiple associated items are never used
    --> examples/panel_route_diploid_search/genome.rs:2326:12
     |
2325 | impl IncidenceTable {
     | ------------------- associated items in this implementation
2326 |     pub fn empty() -> Self {
     |            ^^^^^
...
2333 |     pub fn observe_interior(&mut self, locus: usize, profile: &Profile) {
     |            ^^^^^^^^^^^^^^^^
...
2339 |     pub fn observe_boundary(&mut self, boundary: usize, profile: &Profile) {
     |            ^^^^^^^^^^^^^^^^
...
2351 |     fn classify(&self, key: &FeatureKey) -> LocalClass {
     |        ^^^^^^^^
...
2366 |     pub fn len(&self) -> usize {
     |            ^^^
...
2369 |     pub fn classification_label(&self, key: &FeatureKey) -> String {
     |            ^^^^^^^^^^^^^^^^^^^^
...
2377 |     pub fn deferred(&self) -> usize {
     |            ^^^^^^^^

warning: struct `CountCache` is never constructed
    --> examples/panel_route_diploid_search/genome.rs:2391:8
     |
2391 | struct CountCache<'a> {
     |        ^^^^^^^^^^

warning: method `get` is never used
    --> examples/panel_route_diploid_search/genome.rs:2400:8
     |
2399 | impl CountCache<'_> {
     | ------------------- method in this implementation
2400 |     fn get(&mut self, key: &FeatureKey) -> io::Result<u64> {
     |        ^^^

warning: type alias `PreparedProfile` is never used
    --> examples/panel_route_diploid_search/genome.rs:2427:6
     |
2427 | type PreparedProfile = Vec<(FeatureKey, u64, u64)>;
     |      ^^^^^^^^^^^^^^^

warning: function `prepare_profile` is never used
    --> examples/panel_route_diploid_search/genome.rs:2429:4
     |
2429 | fn prepare_profile(
     |    ^^^^^^^^^^^^^^^

warning: function `score_prepared_pair` is never used
    --> examples/panel_route_diploid_search/genome.rs:2442:4
     |
2442 | fn score_prepared_pair(
     |    ^^^^^^^^^^^^^^^^^^^

warning: function `prepared_pair_totals` is never used
    --> examples/panel_route_diploid_search/genome.rs:2486:4
     |
2486 | fn prepared_pair_totals(
     |    ^^^^^^^^^^^^^^^^^^^^

warning: function `score_local_pair` is never used
    --> examples/panel_route_diploid_search/genome.rs:2534:4
     |
2534 | fn score_local_pair(
     |    ^^^^^^^^^^^^^^^^

warning: function `merged_profile` is never used
    --> examples/panel_route_diploid_search/genome.rs:2572:4
     |
2572 | fn merged_profile(parts: &[&Profile]) -> io::Result<Profile> {
     |    ^^^^^^^^^^^^^^

warning: function `score_complete_profile` is never used
    --> examples/panel_route_diploid_search/genome.rs:2585:4
     |
2585 | fn score_complete_profile(
     |    ^^^^^^^^^^^^^^^^^^^^^^

warning: struct `PersistentCountMap` is never constructed
    --> examples/panel_route_diploid_search/genome.rs:2604:8
     |
2604 | struct PersistentCountMap {
     |        ^^^^^^^^^^^^^^^^^^

warning: struct `CountNode` is never constructed
    --> examples/panel_route_diploid_search/genome.rs:2609:8
     |
2609 | struct CountNode {
     |        ^^^^^^^^^

warning: enum `CountSlot` is never used
    --> examples/panel_route_diploid_search/genome.rs:2615:6
     |
2615 | enum CountSlot {
     |      ^^^^^^^^^

warning: constant `COUNT_CHUNK_BITS` is never used
    --> examples/panel_route_diploid_search/genome.rs:2620:7
     |
2620 | const COUNT_CHUNK_BITS: usize = 5;
     |       ^^^^^^^^^^^^^^^^

warning: constant `COUNT_FANOUT` is never used
    --> examples/panel_route_diploid_search/genome.rs:2621:7
     |
2621 | const COUNT_FANOUT: usize = 32;
     |       ^^^^^^^^^^^^

warning: function `count_chunk` is never used
    --> examples/panel_route_diploid_search/genome.rs:2623:4
     |
2623 | fn count_chunk(fid: u32, depth: usize) -> u32 {
     |    ^^^^^^^^^^^

warning: multiple associated items are never used
    --> examples/panel_route_diploid_search/genome.rs:2628:8
     |
2627 | impl PersistentCountMap {
     | ----------------------- associated items in this implementation
2628 |     fn get(&self, fid: u32) -> u64 {
     |        ^^^
...
2650 |     fn from_sorted(entries: &[(u32, u64)]) -> Self {
     |        ^^^^^^^^^^^
...
2656 |     fn build_node(entries: &[(u32, u64)], depth: usize) -> Arc<CountNode> {
     |        ^^^^^^^^^^
...
2686 |     fn apply_delta(&self, delta: &[(u32, u64)]) -> io::Result<Self> {
     |        ^^^^^^^^^^^
...
2692 |     fn apply_root(
     |        ^^^^^^^^^^
...
2768 |     fn iter(&self) -> CountMapIter<'_> {
     |        ^^^^
...
2779 |     fn len(&self) -> usize {
     |        ^^^

warning: struct `CountMapIter` is never constructed
    --> examples/panel_route_diploid_search/genome.rs:2793:8
     |
2793 | struct CountMapIter<'a> {
     |        ^^^^^^^^^^^^

warning: struct `PersistentProfile` is never constructed
    --> examples/panel_route_diploid_search/genome.rs:2821:8
     |
2821 | struct PersistentProfile {
     |        ^^^^^^^^^^^^^^^^^

warning: methods `cumulative_pairs` and `cumulative_equal` are never used
    --> examples/panel_route_diploid_search/genome.rs:2842:8
     |
2834 | impl PersistentProfile {
     | ---------------------- methods in this implementation
...
2842 |     fn cumulative_pairs(&self) -> CumulativePairs<'_> {
     |        ^^^^^^^^^^^^^^^^
...
2861 |     fn cumulative_equal(&self, other: &PersistentProfile) -> bool {
     |        ^^^^^^^^^^^^^^^^

warning: struct `CumulativePairs` is never constructed
    --> examples/panel_route_diploid_search/genome.rs:2877:8
     |
2877 | struct CumulativePairs<'a> {
     |        ^^^^^^^^^^^^^^^

warning: static `DP_STAGE_NANOS` is never used
    --> examples/panel_route_diploid_search/genome.rs:2915:8
     |
2915 | static DP_STAGE_NANOS: [std::sync::atomic::AtomicU64; 13] = [
     |        ^^^^^^^^^^^^^^

warning: static `DP_STAGE_PASSES` is never used
    --> examples/panel_route_diploid_search/genome.rs:2930:8
     |
2930 | static DP_STAGE_PASSES: std::sync::atomic::AtomicU64 = std::sync::atomic::AtomicU64::new(0);
     |        ^^^^^^^^^^^^^^^

warning: struct `DpStageProbe` is never constructed
    --> examples/panel_route_diploid_search/genome.rs:2932:12
     |
2932 | pub struct DpStageProbe;
     |            ^^^^^^^^^^^^

warning: associated functions `add`, `note_pass`, and `snapshot` are never used
    --> examples/panel_route_diploid_search/genome.rs:2935:8
     |
2934 | impl DpStageProbe {
     | ----------------- associated functions in this implementation
2935 |     fn add(slot: usize, started: Instant) {
     |        ^^^
...
2942 |     fn note_pass() {
     |        ^^^^^^^^^
...
2951 |     pub fn snapshot() -> (Vec<f64>, u64) {
     |            ^^^^^^^^

warning: struct `DpProbe` is never constructed
    --> examples/panel_route_diploid_search/genome.rs:2965:8
     |
2965 | struct DpProbe;
     |        ^^^^^^^

warning: associated functions `on`, `counter`, `snapshot`, and `print_delta` are never used
    --> examples/panel_route_diploid_search/genome.rs:2968:8
     |
2967 | impl DpProbe {
     | ------------ associated functions in this implementation
2968 |     fn on() -> bool {
     |        ^^
...
2973 |     fn counter() -> &'static [std::sync::atomic::AtomicU64; 9] {
     |        ^^^^^^^
...
2989 |     fn snapshot() -> [u64; 9] {
     |        ^^^^^^^^
...
3005 |     fn print_delta(stage: &str, before: &[u64; 9]) {
     |        ^^^^^^^^^^^

warning: struct `FeatureUniverse` is never constructed
    --> examples/panel_route_diploid_search/genome.rs:3029:8
     |
3029 | struct FeatureUniverse {
     |        ^^^^^^^^^^^^^^^

warning: associated items `build`, `id`, and `fingerprint_value` are never used
    --> examples/panel_route_diploid_search/genome.rs:3043:8
     |
3042 | impl FeatureUniverse {
     | -------------------- associated items in this implementation
3043 |     fn build(
     |        ^^^^^
...
3094 |     fn id(&self, feature: &FeatureKey) -> io::Result<u32> {
     |        ^^
...
3104 |     fn fingerprint_value(&self, fid: u32, value: u64) -> u64 {
     |        ^^^^^^^^^^^^^^^^^

warning: type alias `ConvertedProfile` is never used
    --> examples/panel_route_diploid_search/genome.rs:3111:6
     |
3111 | type ConvertedProfile = Vec<(u32, u64)>;
     |      ^^^^^^^^^^^^^^^^

warning: function `convert_profile` is never used
    --> examples/panel_route_diploid_search/genome.rs:3113:4
     |
3113 | fn convert_profile(
     |    ^^^^^^^^^^^^^^^

warning: function `convert_signature` is never used
    --> examples/panel_route_diploid_search/genome.rs:3125:4
     |
3125 | fn convert_signature(
     |    ^^^^^^^^^^^^^^^^^

warning: function `empty_component` is never used
    --> examples/panel_route_diploid_search/genome.rs:3137:4
     |
3137 | fn empty_component() -> Arc<ConvertedProfile> {
     |    ^^^^^^^^^^^^^^^

warning: struct `ComponentMerge` is never constructed
    --> examples/panel_route_diploid_search/genome.rs:3145:8
     |
3145 | struct ComponentMerge<'a> {
     |        ^^^^^^^^^^^^^^

warning: associated items `new`, `next`, and `next_tagged` are never used
    --> examples/panel_route_diploid_search/genome.rs:3151:8
     |
3150 | impl<'a> ComponentMerge<'a> {
     | --------------------------- associated items in this implementation
3151 |     fn new(components: &'a [Arc<ConvertedProfile>; 4]) -> Self {
     |        ^^^
...
3163 |     fn next(&mut self) -> io::Result<Option<(u32, u64)>> {
     |        ^^^^
...
3196 |     fn next_tagged(&mut self) -> io::Result<Option<(u32, u64, Option<(usize, usize)>)>> {
     |        ^^^^^^^^^^^

warning: function `feature_potential` is never used
    --> examples/panel_route_diploid_search/genome.rs:3238:4
     |
3238 | fn feature_potential(
     |    ^^^^^^^^^^^^^^^^^

warning: function `profile_value_fingerprint` is never used
    --> examples/panel_route_diploid_search/genome.rs:3271:4
     |
3271 | fn profile_value_fingerprint(feature: &FeatureKey, value: u64) -> u64 {
     |    ^^^^^^^^^^^^^^^^^^^^^^^^^

warning: struct `PairFreshConstants` is never constructed
    --> examples/panel_route_diploid_search/genome.rs:3291:8
     |
3291 | struct PairFreshConstants {
     |        ^^^^^^^^^^^^^^^^^^

warning: struct `PersistentProfileInterner` is never constructed
    --> examples/panel_route_diploid_search/genome.rs:3298:8
     |
3298 | struct PersistentProfileInterner {
     |        ^^^^^^^^^^^^^^^^^^^^^^^^^

warning: methods `clear_search_indexes`, `component_terms`, and `extend` are never used
    --> examples/panel_route_diploid_search/genome.rs:3316:8
     |
3315 | impl PersistentProfileInterner {
     | ------------------------------ methods in this implementation
3316 |     fn clear_search_indexes(&mut self) {
     |        ^^^^^^^^^^^^^^^^^^^^
...
3322 |     fn component_terms(
     |        ^^^^^^^^^^^^^^^
...
3342 |     fn extend(
     |        ^^^^^^

warning: function `exit_memberships` is never used
    --> examples/panel_route_diploid_search/genome.rs:3535:4
     |
3535 | fn exit_memberships(
     |    ^^^^^^^^^^^^^^^^

warning: function `audit_chain` is never used
    --> examples/panel_route_diploid_search/genome.rs:3570:8
     |
3570 | pub fn audit_chain(
     |        ^^^^^^^^^^^

warning: struct `PhysicalNode` is never constructed
    --> examples/panel_route_diploid_search/genome.rs:3620:8
     |
3620 | struct PhysicalNode {
     |        ^^^^^^^^^^^^

warning: function `cumulative_profile_bytes` is never used
    --> examples/panel_route_diploid_search/genome.rs:3626:4
     |
3626 | fn cumulative_profile_bytes(profiles: &BTreeMap<usize, Arc<PersistentProfile>>) -> u64 {
     |    ^^^^^^^^^^^^^^^^^^^^^^^^

warning: function `physical_state_bytes` is never used
    --> examples/panel_route_diploid_search/genome.rs:3653:4
     |
3653 | fn physical_state_bytes(states: usize, nodes: &[PhysicalNode]) -> u64 {
     |    ^^^^^^^^^^^^^^^^^^^^

warning: function `backtrack_physical` is never used
    --> examples/panel_route_diploid_search/genome.rs:3665:4
     |
3665 | fn backtrack_physical(
     |    ^^^^^^^^^^^^^^^^^^

warning: struct `BeamKey` is never constructed
    --> examples/panel_route_diploid_search/genome.rs:3692:8
     |
3692 | struct BeamKey {
     |        ^^^^^^^

warning: struct `BeamCandidate` is never constructed
    --> examples/panel_route_diploid_search/genome.rs:3698:8
     |
3698 | struct BeamCandidate {
     |        ^^^^^^^^^^^^^

warning: struct `ScoreKey` is never constructed
    --> examples/panel_route_diploid_search/genome.rs:3706:8
     |
3706 | struct ScoreKey(f64);
     |        ^^^^^^^^

warning: function `tie_fingerprint` is never used
    --> examples/panel_route_diploid_search/genome.rs:3727:4
     |
3727 | fn tie_fingerprint(rotation: u64, key: &BeamKey) -> u64 {
     |    ^^^^^^^^^^^^^^^

warning: function `cmp_ranked` is never used
    --> examples/panel_route_diploid_search/genome.rs:3744:4
     |
3744 | fn cmp_ranked(rotation: u64, left: &BeamKey, right: &BeamKey) -> std::cmp::Ordering {
     |    ^^^^^^^^^^

warning: struct `RankKey` is never constructed
    --> examples/panel_route_diploid_search/genome.rs:3758:8
     |
3758 | struct RankKey {
     |        ^^^^^^^

warning: struct `BoundedSuccessors` is never constructed
    --> examples/panel_route_diploid_search/genome.rs:3780:8
     |
3780 | struct BoundedSuccessors {
     |        ^^^^^^^^^^^^^^^^^

warning: associated items `new`, `cutoff`, `refresh_cutoff`, `record_drop`, `record_bulk_drop`, and `insert` are never used
    --> examples/panel_route_diploid_search/genome.rs:3790:8
     |
3789 | impl BoundedSuccessors {
     | ---------------------- associated items in this implementation
3790 |     fn new(limit: usize, rotation: u64) -> Self {
     |        ^^^
...
3801 |     fn cutoff(&self) -> Option<f64> {
     |        ^^^^^^
...
3805 |     fn refresh_cutoff(&mut self, previous: Option<f64>) {
     |        ^^^^^^^^^^^^^^
...
3814 |     fn record_drop(&mut self, score: f64) {
     |        ^^^^^^^^^^^
...
3825 |     fn record_bulk_drop(&mut self, score: f64, count: u64) {
     |        ^^^^^^^^^^^^^^^^
...
3836 |     fn insert(
     |        ^^^^^^

warning: function `conflict_copy_eligible` is never used
    --> examples/panel_route_diploid_search/genome.rs:3930:4
     |
3930 | fn conflict_copy_eligible(
     |    ^^^^^^^^^^^^^^^^^^^^^^

warning: function `conflict_eligible` is never used
    --> examples/panel_route_diploid_search/genome.rs:3958:4
     |
3958 | fn conflict_eligible(
     |    ^^^^^^^^^^^^^^^^^

warning: function `conflict_eligible_members` is never used
    --> examples/panel_route_diploid_search/genome.rs:3973:4
     |
3973 | fn conflict_eligible_members(
     |    ^^^^^^^^^^^^^^^^^^^^^^^^^

warning: function `prune_beam` is never used
    --> examples/panel_route_diploid_search/genome.rs:4014:4
     |
4014 | fn prune_beam(
     |    ^^^^^^^^^^

warning: function `completion_viability` is never used
    --> examples/panel_route_diploid_search/genome.rs:4041:4
     |
4041 | fn completion_viability(
     |    ^^^^^^^^^^^^^^^^^^^^

warning: function `chain_resident_bytes` is never used
    --> examples/panel_route_diploid_search/genome.rs:4060:4
     |
4060 | fn chain_resident_bytes() -> io::Result<u64> {
     |    ^^^^^^^^^^^^^^^^^^^^

warning: function `statm_resident_bytes` is never used
    --> examples/panel_route_diploid_search/genome.rs:4075:4
     |
4075 | fn statm_resident_bytes() -> io::Result<u64> {
     |    ^^^^^^^^^^^^^^^^^^^^

warning: struct `PeriodicRssGuard` is never constructed
    --> examples/panel_route_diploid_search/genome.rs:4093:12
     |
4093 | pub struct PeriodicRssGuard {
     |            ^^^^^^^^^^^^^^^^

warning: associated items `new`, `peak_bytes`, `checkpoint`, and `sample` are never used
    --> examples/panel_route_diploid_search/genome.rs:4101:12
     |
4100 | impl PeriodicRssGuard {
     | --------------------- associated items in this implementation
4101 |     pub fn new(budget_bytes: Option<u64>, every: u64) -> Self {
     |            ^^^
...
4111 |     pub fn peak_bytes(&self) -> u64 {
     |            ^^^^^^^^^^
...
4117 |     pub fn checkpoint(&mut self, stage: &str) -> io::Result<()> {
     |            ^^^^^^^^^^
...
4127 |     pub fn sample(&mut self, stage: &str) -> io::Result<()> {
     |            ^^^^^^

warning: function `enforce_chain_rss` is never used
    --> examples/panel_route_diploid_search/genome.rs:4142:4
     |
4142 | fn enforce_chain_rss(budget: Option<u64>, stage: &str) -> io::Result<()> {
     |    ^^^^^^^^^^^^^^^^^

warning: type alias `SuccessorClass` is never used
    --> examples/panel_route_diploid_search/genome.rs:4155:6
     |
4155 | type SuccessorClass = (usize, Vec<(FeatureKey, u64)>);
     |      ^^^^^^^^^^^^^^

warning: type alias `LocusSuccessors` is never used
    --> examples/panel_route_diploid_search/genome.rs:4156:6
     |
4156 | type LocusSuccessors = (
     |      ^^^^^^^^^^^^^^^

warning: struct `SharedLocusMachinery` is never constructed
    --> examples/panel_route_diploid_search/genome.rs:4167:8
     |
4167 | struct SharedLocusMachinery {
     |        ^^^^^^^^^^^^^^^^^^^^

warning: function `compute_pair_fresh_constants` is never used
    --> examples/panel_route_diploid_search/genome.rs:4184:4
     |
4184 | fn compute_pair_fresh_constants(
     |    ^^^^^^^^^^^^^^^^^^^^^^^^^^^^

warning: function `pair_fresh_constants` is never used
    --> examples/panel_route_diploid_search/genome.rs:4211:4
     |
4211 | fn pair_fresh_constants(
     |    ^^^^^^^^^^^^^^^^^^^^

warning: function `build_locus_successors` is never used
    --> examples/panel_route_diploid_search/genome.rs:4241:4
     |
4241 | fn build_locus_successors(
     |    ^^^^^^^^^^^^^^^^^^^^^^

warning: function `locus_weight_tables` is never used
    --> examples/panel_route_diploid_search/genome.rs:4284:4
     |
4284 | fn locus_weight_tables(
     |    ^^^^^^^^^^^^^^^^^^^

warning: function `locus_max_additions` is never used
    --> examples/panel_route_diploid_search/genome.rs:4321:4
     |
4321 | fn locus_max_additions(
     |    ^^^^^^^^^^^^^^^^^^^

warning: function `fresh_potentials` is never used
    --> examples/panel_route_diploid_search/genome.rs:4361:4
     |
4361 | fn fresh_potentials(
     |    ^^^^^^^^^^^^^^^^

warning: constant `BOUND_PRUNE_EPSILON` is never used
    --> examples/panel_route_diploid_search/genome.rs:4396:7
     |
4396 | const BOUND_PRUNE_EPSILON: f64 = 1e-6;
     |       ^^^^^^^^^^^^^^^^^^^

warning: function `bounded_conflict_chain` is never used
    --> examples/panel_route_diploid_search/genome.rs:4398:4
     |
4398 | fn bounded_conflict_chain(
     |    ^^^^^^^^^^^^^^^^^^^^^^

warning: function `bounded_chain_rotations` is never used
    --> examples/panel_route_diploid_search/genome.rs:5464:4
     |
5464 | fn bounded_chain_rotations(
     |    ^^^^^^^^^^^^^^^^^^^^^^^

warning: function `exact_chain_streaming` is never used
    --> examples/panel_route_diploid_search/genome.rs:5620:8
     |
5620 | pub fn exact_chain_streaming<F>(
     |        ^^^^^^^^^^^^^^^^^^^^^

warning: function `exact_chain_streaming_with_audit` is never used
    --> examples/panel_route_diploid_search/genome.rs:5661:8
     |
5661 | pub fn exact_chain_streaming_with_audit<F>(
     |        ^^^^^^^^^^^^^^^^^^^^^^^^^^^^^^^^

warning: function `exact_chain` is never used
    --> examples/panel_route_diploid_search/genome.rs:6048:8
     |
6048 | pub fn exact_chain(
     |        ^^^^^^^^^^^

warning: function `write_run` is never used
    --> examples/panel_route_diploid_search/genome.rs:6077:4
     |
6077 | fn write_run(path: &Path, profile: Profile) -> io::Result<()> {
     |    ^^^^^^^^^

warning: function `next_run` is never used
    --> examples/panel_route_diploid_search/genome.rs:6086:4
     |
6086 | fn next_run(reader: &mut BufReader<File>) -> io::Result<Option<(FeatureKey, u64)>> {
     |    ^^^^^^^^

warning: function `merge_runs` is never used
    --> examples/panel_route_diploid_search/genome.rs:6096:4
     |
6096 | fn merge_runs(inputs: &[PathBuf], output: &Path) -> io::Result<()> {
     |    ^^^^^^^^^^

warning: function `external_rescore` is never used
    --> examples/panel_route_diploid_search/genome.rs:6133:8
     |
6133 | pub fn external_rescore(
     |        ^^^^^^^^^^^^^^^^

warning: function `external_rescore_components` is never used
    --> examples/panel_route_diploid_search/genome.rs:6146:8
     |
6146 | pub fn external_rescore_components(
     |        ^^^^^^^^^^^^^^^^^^^^^^^^^^^

warning: function `coalesced_route` is never used
    --> examples/panel_route_diploid_search/genome.rs:6221:8
     |
6221 | pub fn coalesced_route(ranges: &[SourceRange]) -> io::Result<routes::Route> {
     |        ^^^^^^^^^^^^^^^

warning: struct `SourceRange` is never constructed
  --> examples/panel_route_diploid_search/partition.rs:24:12
   |
24 | pub struct SourceRange {
   |            ^^^^^^^^^^^

warning: struct `Allele` is never constructed
  --> examples/panel_route_diploid_search/partition.rs:34:12
   |
34 | pub struct Allele {
   |            ^^^^^^

warning: struct `Seam` is never constructed
  --> examples/panel_route_diploid_search/partition.rs:41:12
   |
41 | pub struct Seam {
   |            ^^^^

warning: enum `FeatureClass` is never used
  --> examples/panel_route_diploid_search/partition.rs:48:10
   |
48 | pub enum FeatureClass {
   |          ^^^^^^^^^^^^

warning: struct `UniverseEntry` is never constructed
  --> examples/panel_route_diploid_search/partition.rs:55:12
   |
55 | pub struct UniverseEntry {
   |            ^^^^^^^^^^^^^

warning: struct `Universe` is never constructed
  --> examples/panel_route_diploid_search/partition.rs:62:12
   |
62 | pub struct Universe {
   |            ^^^^^^^^

warning: struct `FeatureSpectrumBin` is never constructed
  --> examples/panel_route_diploid_search/partition.rs:67:12
   |
67 | pub struct FeatureSpectrumBin {
   |            ^^^^^^^^^^^^^^^^^^

warning: function `catalog_ranges` is never used
  --> examples/panel_route_diploid_search/partition.rs:80:8
   |
80 | pub fn catalog_ranges(catalog: &catalog::Catalog) -> io::Result<Vec<Vec<SourceRange>>> {
   |        ^^^^^^^^^^^^^^

warning: function `add_record_subwalks` is never used
   --> examples/panel_route_diploid_search/partition.rs:146:8
    |
146 | pub fn add_record_subwalks(
    |        ^^^^^^^^^^^^^^^^^^^

warning: function `profile_read` is never used
   --> examples/panel_route_diploid_search/partition.rs:179:8
    |
179 | pub fn profile_read(panel: &SyngIndex, read: &[u8], max_features: usize) -> io::Result<Profile> {
    |        ^^^^^^^^^^^^

warning: function `merge` is never used
   --> examples/panel_route_diploid_search/partition.rs:188:4
    |
188 | fn merge(target: &mut Profile, source: &Profile, max_features: usize) -> io::Result<()> {
    |    ^^^^^

warning: function `profile_interior` is never used
   --> examples/panel_route_diploid_search/partition.rs:196:8
    |
196 | pub fn profile_interior(
    |        ^^^^^^^^^^^^^^^^

warning: function `profile_seam` is never used
   --> examples/panel_route_diploid_search/partition.rs:219:8
    |
219 | pub fn profile_seam(
    |        ^^^^^^^^^^^^

warning: function `allele` is never used
   --> examples/panel_route_diploid_search/partition.rs:250:8
    |
250 | pub fn allele(
    |        ^^^^^^

warning: function `catalog_alleles` is never used
   --> examples/panel_route_diploid_search/partition.rs:274:8
    |
274 | pub fn catalog_alleles(
    |        ^^^^^^^^^^^^^^^

warning: function `seams_from_public_links` is never used
   --> examples/panel_route_diploid_search/partition.rs:295:8
    |
295 | pub fn seams_from_public_links(
    |        ^^^^^^^^^^^^^^^^^^^^^^^

warning: function `seam` is never used
   --> examples/panel_route_diploid_search/partition.rs:343:8
    |
343 | pub fn seam(
    |        ^^^^

warning: function `universe` is never used
   --> examples/panel_route_diploid_search/partition.rs:370:8
    |
370 | pub fn universe(
    |        ^^^^^^^^

warning: function `feature_spectrum` is never used
   --> examples/panel_route_diploid_search/partition.rs:445:8
    |
445 | pub fn feature_spectrum(
    |        ^^^^^^^^^^^^^^^^

warning: function `sum_profiles` is never used
   --> examples/panel_route_diploid_search/partition.rs:495:8
    |
495 | pub fn sum_profiles<'a>(
    |        ^^^^^^^^^^^^

warning: function `score_where` is never used
   --> examples/panel_route_diploid_search/partition.rs:547:4
    |
547 | fn score_where(
    |    ^^^^^^^^^^^

warning: function `score_pair` is never used
   --> examples/panel_route_diploid_search/partition.rs:573:8
    |
573 | pub fn score_pair(
    |        ^^^^^^^^^^

warning: struct `Diplotype` is never constructed
   --> examples/panel_route_diploid_search/partition.rs:583:12
    |
583 | pub struct Diplotype {
    |            ^^^^^^^^^

warning: function `local_diplotypes` is never used
   --> examples/panel_route_diploid_search/partition.rs:588:8
    |
588 | pub fn local_diplotypes(
    |        ^^^^^^^^^^^^^^^^

warning: function `boundary_matchings` is never used
   --> examples/panel_route_diploid_search/partition.rs:619:8
    |
619 | pub fn boundary_matchings(
    |        ^^^^^^^^^^^^^^^^^^

warning: struct `Accounting` is never constructed
   --> examples/panel_route_diploid_search/partition.rs:665:12
    |
665 | pub struct Accounting {
    |            ^^^^^^^^^^

warning: associated items `charge`, `work`, `work_bounded`, `profile`, and `state` are never used
   --> examples/panel_route_diploid_search/partition.rs:677:8
    |
676 | impl Accounting {
    | --------------- associated items in this implementation
677 |     fn charge(value: &mut u64, amount: u64, cap: u64, reason: &str) -> io::Result<()> {
    |        ^^^^^^
...
683 |     fn work(&mut self, n: u64) -> io::Result<()> {
    |        ^^^^
...
686 |     fn work_bounded(&mut self, n: u64, max_work: u64) -> io::Result<()> {
    |        ^^^^^^^^^^^^
...
690 |     fn profile(&mut self, n: u64) -> io::Result<()> {
    |        ^^^^^^^
...
698 |     fn state(&mut self, n: u64) -> io::Result<()> {
    |        ^^^^^

warning: struct `Backpointer` is never constructed
   --> examples/panel_route_diploid_search/partition.rs:709:12
    |
709 | pub struct Backpointer {
    |            ^^^^^^^^^^^

warning: struct `ChainState` is never constructed
   --> examples/panel_route_diploid_search/partition.rs:716:12
    |
716 | pub struct ChainState {
    |            ^^^^^^^^^^

warning: struct `ChainSearch` is never constructed
   --> examples/panel_route_diploid_search/partition.rs:724:12
    |
724 | pub struct ChainSearch {
    |            ^^^^^^^^^^^

warning: function `logical_state_bytes` is never used
   --> examples/panel_route_diploid_search/partition.rs:731:4
    |
731 | fn logical_state_bytes(partitions: usize) -> u64 {
    |    ^^^^^^^^^^^^^^^^^^^

warning: function `class_terms` is never used
   --> examples/panel_route_diploid_search/partition.rs:737:4
    |
737 | fn class_terms(universe: &Universe, class: &FeatureClass) -> u64 {
    |    ^^^^^^^^^^^

warning: function `chain_diplotypes` is never used
   --> examples/panel_route_diploid_search/partition.rs:748:8
    |
748 | pub fn chain_diplotypes(
    |        ^^^^^^^^^^^^^^^^

warning: function `chain_diplotypes_bounded` is never used
   --> examples/panel_route_diploid_search/partition.rs:757:8
    |
757 | pub fn chain_diplotypes_bounded(
    |        ^^^^^^^^^^^^^^^^^^^^^^^^

warning: struct `ChainedCandidate` is never constructed
   --> examples/panel_route_diploid_search/partition.rs:990:12
    |
990 | pub struct ChainedCandidate {
    |            ^^^^^^^^^^^^^^^^

warning: function `rescore_chained` is never used
   --> examples/panel_route_diploid_search/partition.rs:995:8
    |
995 | pub fn rescore_chained(
    |        ^^^^^^^^^^^^^^^

warning: function `reconstruct_sequence` is never used
    --> examples/panel_route_diploid_search/partition.rs:1082:8
     |
1082 | pub fn reconstruct_sequence(chain: &[&Allele]) -> Vec<u8> {
     |        ^^^^^^^^^^^^^^^^^^^^

warning: function `reconstruct_route` is never used
    --> examples/panel_route_diploid_search/partition.rs:1089:8
     |
1089 | pub fn reconstruct_route(chain: &[&Allele]) -> routes::Route {
     |        ^^^^^^^^^^^^^^^^^

warning: function `reconstruct_assignment` is never used
    --> examples/panel_route_diploid_search/partition.rs:1105:8
     |
1105 | pub fn reconstruct_assignment(
     |        ^^^^^^^^^^^^^^^^^^^^^^

warning: function `profile_complete_sequence` is never used
    --> examples/panel_route_diploid_search/partition.rs:1159:8
     |
1159 | pub fn profile_complete_sequence(
     |        ^^^^^^^^^^^^^^^^^^^^^^^^^

warning: struct `Haplotype` is never constructed
    --> examples/panel_route_diploid_search/partition.rs:1169:12
     |
1169 | pub struct Haplotype {
     |            ^^^^^^^^^

warning: function `source_spans_feasible` is never used
    --> examples/panel_route_diploid_search/partition.rs:1177:4
     |
1177 | fn source_spans_feasible(ranges: &[SourceRange]) -> bool {
     |    ^^^^^^^^^^^^^^^^^^^^^

warning: function `enumerate_haplotypes_assessment_oracle` is never used
    --> examples/panel_route_diploid_search/partition.rs:1191:8
     |
1191 | pub fn enumerate_haplotypes_assessment_oracle(
     |        ^^^^^^^^^^^^^^^^^^^^^^^^^^^^^^^^^^^^^^

warning: struct `RankedPair` is never constructed
    --> examples/panel_route_diploid_search/partition.rs:1255:12
     |
1255 | pub struct RankedPair {
     |            ^^^^^^^^^^

warning: function `rank_pairs_assessment_oracle` is never used
    --> examples/panel_route_diploid_search/partition.rs:1260:8
     |
1260 | pub fn rank_pairs_assessment_oracle(
     |        ^^^^^^^^^^^^^^^^^^^^^^^^^^^^

warning: struct `Pair` is never constructed
 --> examples/panel_route_diploid_search/score.rs:5:12
  |
5 | pub struct Pair {
  |            ^^^^

warning: method `key` is never used
  --> examples/panel_route_diploid_search/score.rs:10:12
   |
 8 | impl Pair {
   | --------- method in this implementation
 9 |     /// A comparison key only: never reorder an immutable baseline's slots.
10 |     pub fn key(&self) -> Self {
   |            ^^^

warning: struct `Factor` is never constructed
  --> examples/panel_route_diploid_search/score.rs:17:12
   |
17 | pub struct Factor {
   |            ^^^^^^

warning: struct `Scored` is never constructed
  --> examples/panel_route_diploid_search/score.rs:25:12
   |
25 | pub struct Scored {
   |            ^^^^^^

warning: function `add` is never used
  --> examples/panel_route_diploid_search/score.rs:29:8
   |
29 | pub fn add(a: u64, b: u64) -> io::Result<u64> {
   |        ^^^

warning: function `loss` is never used
  --> examples/panel_route_diploid_search/score.rs:33:8
   |
33 | pub fn loss(q: u64, observed: u64, histogram: u64) -> io::Result<(f64, f64)> {
   |        ^^^^

warning: struct `Scorer` is never constructed
  --> examples/panel_route_diploid_search/score.rs:46:12
   |
46 | pub struct Scorer<'a, 'b> {
   |            ^^^^^^

warning: method `evaluate` is never used
  --> examples/panel_route_diploid_search/score.rs:56:12
   |
55 | impl Scorer<'_, '_> {
   | ------------------- method in this implementation
56 |     pub fn evaluate(&mut self, pair: &Pair, native: bool) -> io::Result<Scored> {
   |            ^^^^^^^^

   Compiling impg v0.5.0 (/home/erikg/impg-genome-inference)
warning: function `expansion_eligible` is never used
   --> examples/panel_route_diploid_search/mod.rs:248:8
    |
248 | pub fn expansion_eligible(pair: &Pair, admitted: &[Pair]) -> bool {
    |        ^^^^^^^^^^^^^^^^^^
    |
    = note: `#[warn(dead_code)]` (part of `#[warn(unused)]`) on by default

warning: constant `MAX_FEATURES` is never used
  --> examples/panel_route_diploid_search/genome.rs:32:11
   |
32 | pub const MAX_FEATURES: usize = 50_000;
   |           ^^^^^^^^^^^^

warning: struct `ProfileCost` is never constructed
   --> examples/panel_route_diploid_search/genome.rs:967:12
    |
967 | pub struct ProfileCost {
    |            ^^^^^^^^^^^

warning: function `event_boundaries` is never used
   --> examples/panel_route_diploid_search/genome.rs:986:4
    |
986 | fn event_boundaries(
    |    ^^^^^^^^^^^^^^^^

warning: function `profile_event_runs` is never used
    --> examples/panel_route_diploid_search/genome.rs:1042:8
     |
1042 | pub fn profile_event_runs(
     |        ^^^^^^^^^^^^^^^^^^

warning: function `profile_event_interior` is never used
    --> examples/panel_route_diploid_search/genome.rs:1074:8
     |
1074 | pub fn profile_event_interior(
     |        ^^^^^^^^^^^^^^^^^^^^^^

warning: function `profile_event_seam` is never used
    --> examples/panel_route_diploid_search/genome.rs:1093:8
     |
1093 | pub fn profile_event_seam(
     |        ^^^^^^^^^^^^^^^^^^

warning: type alias `FeatureKey` is never used
  --> examples/panel_route_diploid_search/partition.rs:20:10
   |
20 | pub type FeatureKey = Vec<u64>;
   |          ^^^^^^^^^^

warning: type alias `Profile` is never used
  --> examples/panel_route_diploid_search/partition.rs:21:10
   |
21 | pub type Profile = BTreeMap<FeatureKey, u64>;
   |          ^^^^^^^

warning: function `feature_cap` is never used
   --> examples/panel_route_diploid_search/partition.rs:121:4
    |
121 | fn feature_cap(max_features: usize) -> io::Result<()> {
    |    ^^^^^^^^^^^

warning: function `add` is never used
   --> examples/panel_route_diploid_search/partition.rs:128:4
    |
128 | fn add(profile: &mut Profile, key: FeatureKey, n: u64, max_features: usize) -> io::Result<()> {
    |    ^^^

warning: function `add_record_subwalks_weighted` is never used
   --> examples/panel_route_diploid_search/partition.rs:156:8
    |
156 | pub fn add_record_subwalks_weighted(
    |        ^^^^^^^^^^^^^^^^^^^^^^^^^^^^

warning: struct `ScoreModel` is never constructed
   --> examples/panel_route_diploid_search/partition.rs:507:12
    |
507 | pub struct ScoreModel {
    |            ^^^^^^^^^^

warning: methods `validate` and `loss` are never used
   --> examples/panel_route_diploid_search/partition.rs:516:12
    |
515 | impl ScoreModel {
    | --------------- methods in this implementation
516 |     pub fn validate(&self) -> io::Result<()> {
    |            ^^^^^^^^
...
528 |     pub fn loss(&self, q: u64, observed: u64) -> io::Result<f64> {
    |            ^^^^

warning: `impg` (example "panel_route_seam_diagnostic") generated 235 warnings (run `cargo fix --example "panel_route_seam_diagnostic" -p impg` to apply 2 suggestions)
warning: `impg` (example "panel_route_diploid_search") generated 223 warnings (209 duplicates)
warning: `impg` (example "panel_route_genome_rescore") generated 231 warnings (231 duplicates)
warning: `impg` (example "panel_route_component_rescore") generated 230 warnings (230 duplicates)
warning: variable does not need to be mutable
   --> examples/panel_route_evidence_topology.rs:719:17
    |
719 |             let mut profile_bins: Vec<[u64; 5]> = (0..nbins)
    |                 ----^^^^^^^^^^^^
    |                 |
    |                 help: remove this `mut`
    |
    = note: `#[warn(unused_mut)]` (part of `#[warn(unused)]`) on by default

warning: unused variable: `w`
   --> examples/panel_route_evidence_topology.rs:717:17
    |
717 |             let w = 3usize; // window in bins on each side
    |                 ^ help: if this is intentional, prefix it with an underscore: `_w`
    |
    = note: `#[warn(unused_variables)]` (part of `#[warn(unused)]`) on by default

warning: unused variable: `min_count`
   --> examples/panel_route_evidence_topology.rs:718:17
    |
718 |             let min_count = 20u64;
    |                 ^^^^^^^^^ help: if this is intentional, prefix it with an underscore: `_min_count`

warning: fields `group`, `start`, and `end` are never read
   --> examples/panel_route_evidence_topology.rs:209:5
    |
208 | struct OccRow {
    |        ------ fields in this struct
209 |     group: u32,
    |     ^^^^^
...
212 |     start: u64,
    |     ^^^^^
213 |     end: u64,
    |     ^^^
    |
    = note: `OccRow` has a derived impl for the trait `Clone`, but this is intentionally ignored during dead code analysis
    = note: `#[warn(dead_code)]` (part of `#[warn(unused)]`) on by default

warning: variable does not need to be mutable
   --> examples/panel_route_genome_smoke.rs:516:9
    |
516 |     let mut ranges = if options.all_paths {
    |         ----^^^^^^
    |         |
    |         help: remove this `mut`

warning: variable does not need to be mutable
   --> examples/panel_route_genome_smoke.rs:528:10
    |
528 |     let (mut axis_intervals, mut ranges, slice_offset) = match options.locus_range.as_deref() {
    |          ----^^^^^^^^^^^^^^
    |          |
    |          help: remove this `mut`

warning: variable does not need to be mutable
    --> examples/panel_route_genome_smoke.rs:1136:9
     |
1136 |     let mut probe_boundary_endpoints_seconds = boundary_endpoints_started.elapsed().as_secs_f64();
     |         ----^^^^^^^^^^^^^^^^^^^^^^^^^^^^^^^^
     |         |
     |         help: remove this `mut`

warning: value assigned to `best_loss` is never read
    --> examples/panel_route_genome_smoke.rs:1719:17
     |
1719 |                 best_loss = seed.loss.expect("checked");
     |                 ^^^^^^^^^^^^^^^^^^^^^^^^^^^^^^^^^^^^^^^
     |
     = help: maybe it is overwritten before being read?

warning: fields `covered_bytes` and `covered_records` are never read
    --> examples/panel_route_diploid_search/genome.rs:1211:5
     |
1207 | struct RecordsSidecar {
     |        -------------- fields in this struct
...
1211 |     covered_bytes: u64,
     |     ^^^^^^^^^^^^^
1212 |     covered_records: u64,
     |     ^^^^^^^^^^^^^^^

warning: associated function `open_filtered` is never used
    --> examples/panel_route_diploid_search/genome.rs:1435:12
     |
1422 | impl ProfileCache {
     | ----------------- associated function in this implementation
...
1435 |     pub fn open_filtered(path: &Path, retain: &dyn Fn(&str) -> bool) -> io::Result<Self> {
     |            ^^^^^^^^^^^^^

warning: field `profile` is never read
    --> examples/panel_route_diploid_search/genome.rs:1999:9
     |
1997 | pub struct GenomeAllele {
     |            ------------ field in this struct
1998 |     pub traversal: SpanningTraversal,
1999 |     pub profile: Profile,
     |         ^^^^^^^
     |
     = note: `GenomeAllele` has derived impls for the traits `Debug` and `Clone`, but these are intentionally ignored during dead code analysis

warning: field `keys` is never read
    --> examples/panel_route_diploid_search/genome.rs:3031:5
     |
3029 | struct FeatureUniverse {
     |        --------------- field in this struct
3030 |     /// fid -> feature, sorted by feature.
3031 |     keys: Vec<FeatureKey>,
     |     ^^^^

warning: method `peak_bytes` is never used
    --> examples/panel_route_diploid_search/genome.rs:4111:12
     |
4100 | impl PeriodicRssGuard {
     | --------------------- method in this implementation
...
4111 |     pub fn peak_bytes(&self) -> u64 {
     |            ^^^^^^^^^^

warning: `impg` (example "panel_route_evidence_topology") generated 4 warnings (run `cargo fix --example "panel_route_evidence_topology" -p impg` to apply 3 suggestions)
warning: `impg` (example "panel_route_assignment_rescore") generated 231 warnings (231 duplicates)
warning: `impg` (example "panel_route_genome_smoke") generated 98 warnings (89 duplicates) (run `cargo fix --example "panel_route_genome_smoke" -p impg` to apply 3 suggestions)
warning: associated function `new` is never used
  --> examples/panel_route_completion_probe/../../src/commands/genome_infer/panel_route_search_policy/adapter.rs:78:12
   |
77 | impl Permutation {
   | ---------------- associated function in this implementation
78 |     pub fn new(len: u64) -> Self {
   |            ^^^
   |
   = note: `#[warn(dead_code)]` (part of `#[warn(unused)]`) on by default

warning: method `update` is never used
   --> examples/panel_route_completion_probe/../../src/commands/genome_infer/panel_route_search_policy/adapter.rs:131:19
    |
123 | impl SourcePermutation {
    | ---------------------- method in this implementation
...
131 |     pub(super) fn update(&mut self) -> io::Result<()> {
    |                   ^^^^^^

warning: `impg` (example "panel_route_completion_probe") generated 2 warnings
warning: unnecessary trailing semicolon
    --> examples/panel_route_spine/mod.rs:1205:79
     |
1205 |             let right_sequence = decompose_segment_sequence(sources, &right)?;;
     |                                                                               ^ help: remove this semicolon
     |
     = note: `#[warn(redundant_semicolons)]` (part of `#[warn(unused)]`) on by default

warning: unused variable: `boundary`
   --> examples/panel_route_spine/phasing.rs:245:5
    |
245 |     boundary: usize,
    |     ^^^^^^^^ help: if this is intentional, prefix it with an underscore: `_boundary`

warning: unused variable: `overlap`
   --> examples/panel_route_spine/phasing.rs:313:27
    |
313 |     for &(_, left, right, overlap) in canonical {
    |                           ^^^^^^^ help: if this is intentional, prefix it with an underscore: `_overlap`

warning: unused variable: `boundary`
    --> examples/panel_route_spine/phasing.rs:1841:16
     |
1841 |         .map(|(boundary, draft)| {
     |                ^^^^^^^^ help: if this is intentional, prefix it with an underscore: `_boundary`

warning: unused variable: `partition`
   --> examples/panel_route_spine/mod.rs:116:5
    |
116 |     partition: u32,
    |     ^^^^^^^^^ help: if this is intentional, prefix it with an underscore: `_partition`

warning: unused variable: `routed_equal`
   --> examples/panel_route_spine/mod.rs:119:5
    |
119 |     routed_equal: &crate::RoutedObs,
    |     ^^^^^^^^^^^^ help: if this is intentional, prefix it with an underscore: `_routed_equal`

warning: unused variable: `piece`
   --> examples/panel_route_spine/mod.rs:920:25
    |
920 |                     let piece = (source, start, end, reverse, owner);
    |                         ^^^^^ help: if this is intentional, prefix it with an underscore: `_piece`

warning: unreachable pattern
    --> examples/panel_route_spine/mod.rs:1705:17
     |
1701 |                 (Some(&(a_key, &a)), Some(&(_, _))) => {
     |                 ----------------------------------- matches all the relevant values
...
1705 |                 (Some(_), Some(_)) => {
     |                 ^^^^^^^^^^^^^^^^^^ no value can reach this
     |
     = note: `#[warn(unreachable_patterns)]` (part of `#[warn(unused)]`) on by default

warning: unused variable: `partitions`
    --> examples/panel_route_spine/mod.rs:1242:5
     |
1242 |     partitions: &[u32],
     |     ^^^^^^^^^^ help: if this is intentional, prefix it with an underscore: `_partitions`

warning: unused variable: `piece`
    --> examples/panel_route_spine/mod.rs:1463:21
     |
1463 |                 let piece = (source, start, end, reverse, piece_owner);
     |                     ^^^^^ help: if this is intentional, prefix it with an underscore: `_piece`

warning: unused variable: `routed_equal`
    --> examples/panel_route_spine/mod.rs:2624:5
     |
2624 |     routed_equal: &crate::RoutedObs,
     |     ^^^^^^^^^^^^ help: if this is intentional, prefix it with an underscore: `_routed_equal`

warning: unused variable: `right_ranges`
    --> examples/panel_route_spine/mod.rs:2751:5
     |
2751 |     right_ranges: &[genome::SpanningTraversal],
     |     ^^^^^^^^^^^^ help: if this is intentional, prefix it with an underscore: `_right_ranges`

warning: variable does not need to be mutable
    --> examples/panel_route_spine/mod.rs:3505:34
     |
3505 |     let (mut margins_admissible, mut suffix_from_next) = compute_margins(&min_pair, &min_seam)?;
     |                                  ----^^^^^^^^^^^^^^^^
     |                                  |
     |                                  help: remove this `mut`

warning: variable does not need to be mutable
    --> examples/panel_route_spine/mod.rs:3517:9
     |
3517 |     let mut margins = compute_local_margins(&min_pair, &successors_ref, &viable);
     |         ----^^^^^^^
     |         |
     |         help: remove this `mut`

warning: value assigned to `partitions` is never read
   --> examples/panel_route_mem_routed.rs:884:9
    |
884 |         partitions += extension.pure_new.len();
    |         ^^^^^^^^^^^^^^^^^^^^^^^^^^^^^^^^^^^^^^
    |
    = help: maybe it is overwritten before being read?

warning: variable does not need to be mutable
    --> examples/panel_route_mem_routed.rs:1306:9
     |
1306 |     let mut push_anchor_events = |pos: u64, events: &mut Vec<u64>| {
     |         ----^^^^^^^^^^^^^^^^^^
     |         |
     |         help: remove this `mut`

warning: variable does not need to be mutable
    --> examples/panel_route_mem_routed.rs:1629:9
     |
1629 |     let mut keys: BTreeSet<&FeatureKey> = oracle.keys().chain(geometric.keys()).collect();
     |         ----^^^^
     |         |
     |         help: remove this `mut`

warning: variable does not need to be mutable
    --> examples/panel_route_mem_routed.rs:2286:9
     |
2286 |         mut self,
     |         ----^^^^
     |         |
     |         help: remove this `mut`

warning: unused variable: `rank`
    --> examples/panel_route_mem_routed.rs:2294:14
     |
2294 |         for (rank, key) in self.ranking {
     |              ^^^^ help: if this is intentional, prefix it with an underscore: `_rank`

warning: variable does not need to be mutable
    --> examples/panel_route_mem_routed.rs:2793:9
     |
2793 |     let mut fnv_update = |value: &mut u64, bytes: &[u8]| {
     |         ----^^^^^^^^^^
     |         |
     |         help: remove this `mut`

warning: unused variable: `aq`
    --> examples/panel_route_mem_routed.rs:3004:24
     |
3004 |             (Some(&(_, aq, ao)), Some(&(_, _, _))) if j >= second.len() => true,
     |                        ^^ help: if this is intentional, prefix it with an underscore: `_aq`

warning: unused variable: `ao`
    --> examples/panel_route_mem_routed.rs:3004:28
     |
3004 |             (Some(&(_, aq, ao)), Some(&(_, _, _))) if j >= second.len() => true,
     |                            ^^ help: if this is intentional, prefix it with an underscore: `_ao`

warning: unused variable: `bo`
    --> examples/panel_route_mem_routed.rs:3005:48
     |
3005 |             (Some(&(_, aq, ao)), Some(&(_, bq, bo))) => {
     |                                                ^^ help: if this is intentional, prefix it with an underscore: `_bo`

warning: unused variable: `start`
    --> examples/panel_route_mem_routed.rs:4167:35
     |
4167 | ...                   for &(start, end, member) in &spans[..prefix] {
     |                             ^^^^^ help: if this is intentional, prefix it with an underscore: `_start`

warning: unused variable: `piece`
    --> examples/panel_route_mem_routed.rs:4788:25
     |
4788 |                     let piece = (source, start, end, reverse, owner);
     |                         ^^^^^ help: if this is intentional, prefix it with an underscore: `_piece`

warning: unused variable: `routing_seconds`
    --> examples/panel_route_mem_routed.rs:5694:9
     |
5694 |     let routing_seconds = routing_started.elapsed().as_secs_f64();
     |         ^^^^^^^^^^^^^^^ help: if this is intentional, prefix it with an underscore: `_routing_seconds`

warning: unused variable: `locus`
    --> examples/panel_route_mem_routed.rs:6360:18
     |
6360 |     for (index, (locus, segments, identity, reverse)) in sample_candidates.iter().enumerate() {
     |                  ^^^^^ help: if this is intentional, prefix it with an underscore: `_locus`

warning: unused variable: `hi`
    --> examples/panel_route_mem_routed.rs:6400:21
     |
6400 |                 let hi = lo + READ_LENGTH as u64;
     |                     ^^ help: if this is intentional, prefix it with an underscore: `_hi`

warning: function `merge_routed` is never used
    --> examples/panel_route_mem_routed.rs:1153:4
     |
1153 | fn merge_routed(target: &mut RoutedObs, source: &RoutedObs) {
     |    ^^^^^^^^^^^^
     |
     = note: `#[warn(dead_code)]` (part of `#[warn(unused)]`) on by default

warning: function `profile_loss_routed` is never used
    --> examples/panel_route_mem_routed.rs:1791:4
     |
1791 | fn profile_loss_routed(
     |    ^^^^^^^^^^^^^^^^^^^

warning: struct `DpFinalist` is never constructed
    --> examples/panel_route_mem_routed.rs:2109:8
     |
2109 | struct DpFinalist {
     |        ^^^^^^^^^^

warning: field `classes` is never read
    --> examples/panel_route_mem_routed.rs:2636:5
     |
2635 | struct LazyPairTable<'a> {
     |        ------------- field in this struct
2636 |     classes: usize,
     |     ^^^^^^^

warning: constant `JOINT_PROJECTION_WINDOW` is never used
  --> examples/panel_route_diploid_search/mod.rs:33:7
   |
33 | const JOINT_PROJECTION_WINDOW: u64 = 16;
   |       ^^^^^^^^^^^^^^^^^^^^^^^

warning: field `native_class_pair` is never read
   --> examples/panel_route_spine/mod.rs:478:16
    |
462 | pub(super) struct LocusSweep {
    |                   ---------- field in this struct
...
478 |     pub(super) native_class_pair: Option<[usize; 2]>,
    |                ^^^^^^^^^^^^^^^^^

warning: unused `Result` that must be used
   --> examples/panel_route_spine/mod.rs:902:17
    |
902 | /                 ensure(
903 | |                     !reverse,
904 | |                     "spine reference decomposition met a reverse piece (unsupported)"
905 | |                 );
    | |_________________^
    |
    = note: this `Result` may be an `Err` variant, which should be handled
    = note: `#[warn(unused_must_use)]` (part of `#[warn(unused)]`) on by default
help: use `let _ = ...` to ignore the resulting value
    |
902 |                 let _ = ensure(
    |                 +++++++

warning: unused `Result` that must be used
    --> examples/panel_route_spine/mod.rs:3311:5
     |
3311 |     ensure(incumbent.is_finite(), "nonfinite spine incumbent");
     |     ^^^^^^^^^^^^^^^^^^^^^^^^^^^^^^^^^^^^^^^^^^^^^^^^^^^^^^^^^^
     |
     = note: this `Result` may be an `Err` variant, which should be handled
help: use `let _ = ...` to ignore the resulting value
     |
3311 |     let _ = ensure(incumbent.is_finite(), "nonfinite spine incumbent");
     |     +++++++

warning: `impg` (example "panel_route_mem_routed") generated 235 warnings (199 duplicates) (run `cargo fix --example "panel_route_mem_routed" -p impg` to apply 25 suggestions)
    Finished `release` profile [optimized] target(s) in 44.94s
